0 verbose cli /home/kali/.local/share/fnm/node-versions/v20.19.2/installation/bin/node /run/user/1000/fnm_multishells/100825_1785999418167/bin/npm
1 info using npm@11.18.0
2 info using node@v20.19.2
3 silly config load:file:/home/kali/.local/share/fnm/node-versions/v20.19.2/installation/lib/node_modules/npm/npmrc
4 silly config load:file:/home/kali/Рабочий стол/projects/autosync/frontend/.npmrc
5 silly config load:file:/home/kali/.npmrc
6 silly config load:file:/home/kali/.local/share/fnm/node-versions/v20.19.2/installation/etc/npmrc
7 verbose title npm install
8 verbose argv "install" "--loglevel" "silent"
9 verbose logfile logs-max:10 dir:/home/kali/Рабочий стол/projects/autosync/frontend/npm-cache/_logs/2026-08-06T07_13_48_320Z-
10 verbose logfile /home/kali/Рабочий стол/projects/autosync/frontend/npm-cache/_logs/2026-08-06T07_13_48_320Z-debug-0.log
11 silly logfile done cleaning log files
12 silly packumentCache heap:2197815296 maxSize:549453824 maxEntrySize:274726912
13 silly idealTree buildDeps
14 silly fetch manifest react@^18.3.1
15 silly packumentCache full:https://registry.yarnpkg.com/react cache-miss
16 http fetch GET 200 https://registry.yarnpkg.com/npm 256ms
17 http fetch GET 200 https://registry.yarnpkg.com/react 342ms (cache miss)
18 silly packumentCache full:https://registry.yarnpkg.com/react set size:undefined disposed:false
19 silly fetch manifest react-dom@^18.3.1
20 silly packumentCache full:https://registry.yarnpkg.com/react-dom cache-miss
21 http fetch GET 200 https://registry.yarnpkg.com/react-dom 245ms (cache miss)
22 silly packumentCache full:https://registry.yarnpkg.com/react-dom set size:undefined disposed:false
23 silly fetch manifest react-router-dom@^6.26.2
24 silly packumentCache full:https://registry.yarnpkg.com/react-router-dom cache-miss
25 http fetch GET 200 https://registry.yarnpkg.com/react-router-dom 141ms (cache miss)
26 silly packumentCache full:https://registry.yarnpkg.com/react-router-dom set size:undefined disposed:false
27 silly fetch manifest @vitejs/plugin-react@^4.3.1
28 silly packumentCache full:https://registry.yarnpkg.com/@vitejs%2fplugin-react cache-miss
29 http fetch GET 200 https://registry.yarnpkg.com/@vitejs%2fplugin-react 64ms (cache miss)
30 silly packumentCache full:https://registry.yarnpkg.com/@vitejs%2fplugin-react set size:undefined disposed:false
31 silly fetch manifest vite@^5.4.6
32 silly packumentCache full:https://registry.yarnpkg.com/vite cache-miss
33 http fetch GET 200 https://registry.yarnpkg.com/vite 1369ms (cache miss)
34 silly packumentCache full:https://registry.yarnpkg.com/vite set size:undefined disposed:false
35 silly fetch manifest @types/node@^18.0.0 || >=20.0.0
36 silly packumentCache full:https://registry.yarnpkg.com/@types%2fnode cache-miss
37 http fetch GET 200 https://registry.yarnpkg.com/@types%2fnode 271ms (cache miss)
38 silly packumentCache full:https://registry.yarnpkg.com/@types%2fnode set size:undefined disposed:false
39 silly fetch manifest less@*
40 silly packumentCache full:https://registry.yarnpkg.com/less cache-miss
41 http fetch GET 200 https://registry.yarnpkg.com/less 155ms (cache miss)
42 silly packumentCache full:https://registry.yarnpkg.com/less set size:undefined disposed:false
43 silly fetch manifest lightningcss@^1.21.0
44 silly packumentCache full:https://registry.yarnpkg.com/lightningcss cache-miss
45 http fetch GET 200 https://registry.yarnpkg.com/lightningcss 38ms (cache miss)
46 silly packumentCache full:https://registry.yarnpkg.com/lightningcss set size:undefined disposed:false
47 silly fetch manifest sass@*
48 silly packumentCache full:https://registry.yarnpkg.com/sass cache-miss
49 http fetch GET 200 https://registry.yarnpkg.com/sass 96ms (cache miss)
50 silly packumentCache full:https://registry.yarnpkg.com/sass set size:undefined disposed:false
51 silly fetch manifest sass-embedded@*
52 silly packumentCache full:https://registry.yarnpkg.com/sass-embedded cache-miss
53 http fetch GET 200 https://registry.yarnpkg.com/sass-embedded 44ms (cache miss)
54 silly packumentCache full:https://registry.yarnpkg.com/sass-embedded set size:undefined disposed:false
55 silly fetch manifest stylus@*
56 silly packumentCache full:https://registry.yarnpkg.com/stylus cache-miss
57 http fetch GET 200 https://registry.yarnpkg.com/stylus 64ms (cache miss)
58 silly packumentCache full:https://registry.yarnpkg.com/stylus set size:undefined disposed:false
59 silly fetch manifest sugarss@*
60 silly packumentCache full:https://registry.yarnpkg.com/sugarss cache-miss
61 http fetch GET 200 https://registry.yarnpkg.com/sugarss 32ms (cache miss)
62 silly packumentCache full:https://registry.yarnpkg.com/sugarss set size:undefined disposed:false
63 silly fetch manifest postcss@^8.3.3
64 silly packumentCache full:https://registry.yarnpkg.com/postcss cache-miss
65 http fetch GET 200 https://registry.yarnpkg.com/postcss 87ms (cache miss)
66 silly packumentCache full:https://registry.yarnpkg.com/postcss set size:undefined disposed:false
67 silly fetch manifest terser@^5.4.0
68 silly packumentCache full:https://registry.yarnpkg.com/terser cache-miss
69 http fetch GET 200 https://registry.yarnpkg.com/terser 81ms (cache miss)
70 silly packumentCache full:https://registry.yarnpkg.com/terser set size:undefined disposed:false
71 silly placeDep ROOT @vitejs/plugin-react@4.7.0 OK for: autosync-frontend@0.1.0 want: ^4.3.1
72 silly placeDep ROOT vite@5.4.21 OK for: @vitejs/plugin-react@4.7.0 want: ^4.2.0 || ^5.0.0 || ^6.0.0 || ^7.0.0
73 silly placeDep ROOT react@18.3.1 OK for: autosync-frontend@0.1.0 want: ^18.3.1
74 silly placeDep ROOT react-dom@18.3.1 OK for: autosync-frontend@0.1.0 want: ^18.3.1
75 silly placeDep ROOT react-router-dom@6.30.4 OK for: autosync-frontend@0.1.0 want: ^6.26.2
76 silly fetch manifest @babel/core@^7.28.0
77 silly packumentCache full:https://registry.yarnpkg.com/@babel%2fcore cache-miss
78 silly fetch manifest react-refresh@^0.17.0
79 silly packumentCache full:https://registry.yarnpkg.com/react-refresh cache-miss
80 silly fetch manifest @types/babel__core@^7.20.5
81 silly packumentCache full:https://registry.yarnpkg.com/@types%2fbabel__core cache-miss
82 silly fetch manifest @rolldown/pluginutils@1.0.0-beta.27
83 silly packumentCache full:https://registry.yarnpkg.com/@rolldown%2fpluginutils cache-miss
84 silly fetch manifest @babel/plugin-transform-react-jsx-self@^7.27.1
85 silly packumentCache full:https://registry.yarnpkg.com/@babel%2fplugin-transform-react-jsx-self cache-miss
86 silly fetch manifest @babel/plugin-transform-react-jsx-source@^7.27.1
87 silly packumentCache full:https://registry.yarnpkg.com/@babel%2fplugin-transform-react-jsx-source cache-miss
88 silly fetch manifest rollup@^4.20.0
89 silly packumentCache full:https://registry.yarnpkg.com/rollup cache-miss
90 http fetch GET 200 https://registry.yarnpkg.com/@babel%2fcore 86ms (cache miss)
91 silly packumentCache full:https://registry.yarnpkg.com/@babel%2fcore set size:undefined disposed:false
92 silly fetch manifest esbuild@^0.21.3
93 silly packumentCache full:https://registry.yarnpkg.com/esbuild cache-miss
94 http fetch GET 200 https://registry.yarnpkg.com/@types%2fbabel__core 202ms (cache miss)
95 silly packumentCache full:https://registry.yarnpkg.com/@types%2fbabel__core set size:undefined disposed:false
96 silly fetch manifest postcss@^8.4.43
97 silly packumentCache full:https://registry.yarnpkg.com/postcss cache-miss
98 http fetch GET 200 https://registry.yarnpkg.com/@rolldown%2fpluginutils 215ms (cache miss)
99 silly packumentCache full:https://registry.yarnpkg.com/@rolldown%2fpluginutils set size:undefined disposed:false
100 silly fetch manifest fsevents@~2.3.3
101 silly packumentCache full:https://registry.yarnpkg.com/fsevents cache-miss
102 http cache https://registry.yarnpkg.com/postcss 24ms (cache hit)
103 silly packumentCache full:https://registry.yarnpkg.com/postcss set size:756623 disposed:false
104 silly fetch manifest loose-envify@^1.1.0
105 silly packumentCache full:https://registry.yarnpkg.com/loose-envify cache-miss
106 http fetch GET 200 https://registry.yarnpkg.com/@babel%2fplugin-transform-react-jsx-self 236ms (cache miss)
107 silly packumentCache full:https://registry.yarnpkg.com/@babel%2fplugin-transform-react-jsx-self set size:undefined disposed:false
108 silly fetch manifest scheduler@^0.23.2
109 silly packumentCache full:https://registry.yarnpkg.com/scheduler cache-miss
110 http fetch GET 200 https://registry.yarnpkg.com/@babel%2fplugin-transform-react-jsx-source 255ms (cache miss)
111 silly packumentCache full:https://registry.yarnpkg.com/@babel%2fplugin-transform-react-jsx-source set size:undefined disposed:false
112 silly fetch manifest loose-envify@^1.1.0
113 silly packumentCache full:https://registry.yarnpkg.com/loose-envify cache-miss
114 http fetch GET 200 https://registry.yarnpkg.com/esbuild 204ms (cache miss)
115 silly packumentCache full:https://registry.yarnpkg.com/esbuild set size:undefined disposed:false
116 silly fetch manifest react-router@6.30.4
117 silly packumentCache full:https://registry.yarnpkg.com/react-router cache-miss
118 http fetch GET 200 https://registry.yarnpkg.com/react-refresh 337ms (cache miss)
119 silly packumentCache full:https://registry.yarnpkg.com/react-refresh set size:undefined disposed:false
120 silly fetch manifest @remix-run/router@1.23.3
121 silly packumentCache full:https://registry.yarnpkg.com/@remix-run%2frouter cache-miss
122 http fetch GET 200 https://registry.yarnpkg.com/loose-envify 186ms (cache miss)
123 silly packumentCache full:https://registry.yarnpkg.com/loose-envify set size:undefined disposed:false
124 http fetch GET 200 https://registry.yarnpkg.com/loose-envify 164ms (cache miss)
125 silly packumentCache full:https://registry.yarnpkg.com/loose-envify set size:undefined disposed:false
126 http fetch GET 200 https://registry.yarnpkg.com/fsevents 208ms (cache miss)
127 silly packumentCache full:https://registry.yarnpkg.com/fsevents set size:undefined disposed:false
128 http fetch GET 200 https://registry.yarnpkg.com/rollup 503ms (cache miss)
129 silly packumentCache full:https://registry.yarnpkg.com/rollup set size:undefined disposed:false
130 http fetch GET 200 https://registry.yarnpkg.com/react-router 302ms (cache miss)
131 silly packumentCache full:https://registry.yarnpkg.com/react-router set size:undefined disposed:false
132 http fetch GET 200 https://registry.yarnpkg.com/@remix-run%2frouter 247ms (cache miss)
133 silly packumentCache full:https://registry.yarnpkg.com/@remix-run%2frouter set size:undefined disposed:false
134 http fetch GET 200 https://registry.yarnpkg.com/scheduler 447ms (cache miss)
135 silly packumentCache full:https://registry.yarnpkg.com/scheduler set size:undefined disposed:false
136 silly placeDep ROOT @babel/core@7.29.7 OK for: @vitejs/plugin-react@4.7.0 want: ^7.28.0
137 silly placeDep ROOT @babel/plugin-transform-react-jsx-self@7.29.7 OK for: @vitejs/plugin-react@4.7.0 want: ^7.27.1
138 silly placeDep ROOT @babel/plugin-transform-react-jsx-source@7.29.7 OK for: @vitejs/plugin-react@4.7.0 want: ^7.27.1
139 silly placeDep ROOT @rolldown/pluginutils@1.0.0-beta.27 OK for: @vitejs/plugin-react@4.7.0 want: 1.0.0-beta.27
140 silly placeDep ROOT @types/babel__core@7.20.5 OK for: @vitejs/plugin-react@4.7.0 want: ^7.20.5
141 silly placeDep ROOT react-refresh@0.17.0 OK for: @vitejs/plugin-react@4.7.0 want: ^0.17.0
142 silly fetch manifest debug@^4.1.0
143 silly packumentCache full:https://registry.yarnpkg.com/debug cache-miss
144 silly fetch manifest json5@^2.2.3
145 silly packumentCache full:https://registry.yarnpkg.com/json5 cache-miss
146 silly fetch manifest semver@^6.3.1
147 silly packumentCache full:https://registry.yarnpkg.com/semver cache-miss
148 silly fetch manifest gensync@^1.0.0-beta.2
149 silly packumentCache full:https://registry.yarnpkg.com/gensync cache-miss
150 silly fetch manifest @babel/types@^7.29.7
151 silly packumentCache full:https://registry.yarnpkg.com/@babel%2ftypes cache-miss
152 silly fetch manifest @babel/parser@^7.29.7
153 silly packumentCache full:https://registry.yarnpkg.com/@babel%2fparser cache-miss
154 silly fetch manifest @babel/helpers@^7.29.7
155 silly packumentCache full:https://registry.yarnpkg.com/@babel%2fhelpers cache-miss
156 http fetch GET 200 https://registry.yarnpkg.com/gensync 55ms (cache miss)
157 silly packumentCache full:https://registry.yarnpkg.com/gensync set size:undefined disposed:false
158 silly fetch manifest @babel/template@^7.29.7
159 silly packumentCache full:https://registry.yarnpkg.com/@babel%2ftemplate cache-miss
160 http fetch GET 200 https://registry.yarnpkg.com/json5 68ms (cache miss)
161 silly packumentCache full:https://registry.yarnpkg.com/json5 set size:undefined disposed:false
162 silly fetch manifest @babel/traverse@^7.29.7
163 silly packumentCache full:https://registry.yarnpkg.com/@babel%2ftraverse cache-miss
164 http fetch GET 200 https://registry.yarnpkg.com/debug 81ms (cache miss)
165 silly packumentCache full:https://registry.yarnpkg.com/debug set size:undefined disposed:false
166 silly fetch manifest @babel/generator@^7.29.7
167 silly packumentCache full:https://registry.yarnpkg.com/@babel%2fgenerator cache-miss
168 http fetch GET 200 https://registry.yarnpkg.com/semver 88ms (cache miss)
169 silly packumentCache full:https://registry.yarnpkg.com/semver set size:undefined disposed:false
170 silly fetch manifest @babel/code-frame@^7.29.7
171 silly packumentCache full:https://registry.yarnpkg.com/@babel%2fcode-frame cache-miss
172 http fetch GET 200 https://registry.yarnpkg.com/@babel%2fhelpers 99ms (cache miss)
173 silly packumentCache full:https://registry.yarnpkg.com/@babel%2fhelpers set size:undefined disposed:false
174 silly fetch manifest convert-source-map@^2.0.0
175 silly packumentCache full:https://registry.yarnpkg.com/convert-source-map cache-miss
176 http fetch GET 200 https://registry.yarnpkg.com/@babel%2ftypes 119ms (cache miss)
177 silly packumentCache full:https://registry.yarnpkg.com/@babel%2ftypes set size:undefined disposed:false
178 silly fetch manifest @jridgewell/remapping@^2.3.5
179 silly packumentCache full:https://registry.yarnpkg.com/@jridgewell%2fremapping cache-miss
180 http fetch GET 200 https://registry.yarnpkg.com/@babel%2fparser 137ms (cache miss)
181 silly packumentCache full:https://registry.yarnpkg.com/@babel%2fparser set size:undefined disposed:false
182 silly fetch manifest @babel/helper-module-transforms@^7.29.7
183 silly packumentCache full:https://registry.yarnpkg.com/@babel%2fhelper-module-transforms cache-miss
184 http fetch GET 200 https://registry.yarnpkg.com/@babel%2ftemplate 105ms (cache miss)
185 silly packumentCache full:https://registry.yarnpkg.com/@babel%2ftemplate set size:undefined disposed:false
186 silly fetch manifest @babel/helper-compilation-targets@^7.29.7
187 silly packumentCache full:https://registry.yarnpkg.com/@babel%2fhelper-compilation-targets cache-miss
188 http fetch GET 200 https://registry.yarnpkg.com/@babel%2ftraverse 103ms (cache miss)
189 silly packumentCache full:https://registry.yarnpkg.com/@babel%2ftraverse set size:undefined disposed:false
190 silly fetch manifest @babel/helper-plugin-utils@^7.29.7
191 silly packumentCache full:https://registry.yarnpkg.com/@babel%2fhelper-plugin-utils cache-miss
192 http fetch GET 200 https://registry.yarnpkg.com/convert-source-map 72ms (cache miss)
193 silly packumentCache full:https://registry.yarnpkg.com/convert-source-map set size:undefined disposed:false
194 silly fetch manifest @babel/helper-plugin-utils@^7.29.7
195 silly packumentCache full:https://registry.yarnpkg.com/@babel%2fhelper-plugin-utils cache-miss
196 http fetch GET 200 https://registry.yarnpkg.com/@babel%2fcode-frame 92ms (cache miss)
197 silly packumentCache full:https://registry.yarnpkg.com/@babel%2fcode-frame set size:undefined disposed:false
198 silly fetch manifest @babel/types@^7.20.7
199 silly packumentCache full:https://registry.yarnpkg.com/@babel%2ftypes cache-miss
200 http fetch GET 200 https://registry.yarnpkg.com/@babel%2fgenerator 116ms (cache miss)
201 silly packumentCache full:https://registry.yarnpkg.com/@babel%2fgenerator set size:undefined disposed:false
202 silly fetch manifest @babel/parser@^7.20.7
203 silly packumentCache full:https://registry.yarnpkg.com/@babel%2fparser cache-miss
204 http fetch GET 200 https://registry.yarnpkg.com/@jridgewell%2fremapping 85ms (cache miss)
205 silly packumentCache full:https://registry.yarnpkg.com/@jridgewell%2fremapping set size:undefined disposed:false
206 silly fetch manifest @types/babel__template@*
207 silly packumentCache full:https://registry.yarnpkg.com/@types%2fbabel__template cache-miss
208 http cache https://registry.yarnpkg.com/@babel%2ftypes 29ms (cache hit)
209 silly packumentCache full:https://registry.yarnpkg.com/@babel%2ftypes set size:502938 disposed:false
210 silly fetch manifest @types/babel__traverse@*
211 silly packumentCache full:https://registry.yarnpkg.com/@types%2fbabel__traverse cache-miss
212 http cache https://registry.yarnpkg.com/@babel%2fparser 34ms (cache hit)
213 silly packumentCache full:https://registry.yarnpkg.com/@babel%2fparser set size:737961 disposed:false
214 silly fetch manifest @types/babel__generator@*
215 silly packumentCache full:https://registry.yarnpkg.com/@types%2fbabel__generator cache-miss
216 http fetch GET 200 https://registry.yarnpkg.com/@babel%2fhelper-module-transforms 105ms (cache miss)
217 silly packumentCache full:https://registry.yarnpkg.com/@babel%2fhelper-module-transforms set size:undefined disposed:false
218 http fetch GET 200 https://registry.yarnpkg.com/@babel%2fhelper-compilation-targets 92ms (cache miss)
219 silly packumentCache full:https://registry.yarnpkg.com/@babel%2fhelper-compilation-targets set size:undefined disposed:false
220 http fetch GET 200 https://registry.yarnpkg.com/@babel%2fhelper-plugin-utils 86ms (cache miss)
221 silly packumentCache full:https://registry.yarnpkg.com/@babel%2fhelper-plugin-utils set size:undefined disposed:false
222 http fetch GET 200 https://registry.yarnpkg.com/@babel%2fhelper-plugin-utils 82ms (cache miss)
223 silly packumentCache full:https://registry.yarnpkg.com/@babel%2fhelper-plugin-utils set size:undefined disposed:false
224 http fetch GET 200 https://registry.yarnpkg.com/@types%2fbabel__template 60ms (cache miss)
225 silly packumentCache full:https://registry.yarnpkg.com/@types%2fbabel__template set size:undefined disposed:false
226 http fetch GET 200 https://registry.yarnpkg.com/@types%2fbabel__traverse 49ms (cache miss)
227 silly packumentCache full:https://registry.yarnpkg.com/@types%2fbabel__traverse set size:undefined disposed:false
228 http fetch GET 200 https://registry.yarnpkg.com/@types%2fbabel__generator 42ms (cache miss)
229 silly packumentCache full:https://registry.yarnpkg.com/@types%2fbabel__generator set size:undefined disposed:false
230 silly fetch manifest @babel/core@^7.0.0
231 silly packumentCache full:https://registry.yarnpkg.com/@babel%2fcore cache-miss
232 http cache https://registry.yarnpkg.com/@babel%2fcore 10ms (cache hit)
233 silly packumentCache full:https://registry.yarnpkg.com/@babel%2fcore set size:788273 disposed:false
234 silly placeDep ROOT @babel/code-frame@7.29.7 OK for: @babel/core@7.29.7 want: ^7.29.7
235 silly placeDep ROOT @babel/generator@7.29.8 OK for: @babel/core@7.29.7 want: ^7.29.7
236 silly placeDep ROOT @babel/helper-compilation-targets@7.29.7 OK for: @babel/core@7.29.7 want: ^7.29.7
237 silly placeDep ROOT @babel/helper-module-transforms@7.29.7 OK for: @babel/core@7.29.7 want: ^7.29.7
238 silly placeDep ROOT @babel/helpers@7.29.7 OK for: @babel/core@7.29.7 want: ^7.29.7
239 silly placeDep ROOT @babel/parser@7.29.8 OK for: @babel/core@7.29.7 want: ^7.29.7
240 silly placeDep ROOT @babel/template@7.29.7 OK for: @babel/core@7.29.7 want: ^7.29.7
241 silly placeDep ROOT @babel/traverse@7.29.8 OK for: @babel/core@7.29.7 want: ^7.29.7
242 silly placeDep ROOT @babel/types@7.29.8 OK for: @babel/core@7.29.7 want: ^7.29.7
243 silly placeDep ROOT @jridgewell/remapping@2.3.5 OK for: @babel/core@7.29.7 want: ^2.3.5
244 silly placeDep ROOT convert-source-map@2.0.0 OK for: @babel/core@7.29.7 want: ^2.0.0
245 silly placeDep ROOT debug@4.4.3 OK for: @babel/core@7.29.7 want: ^4.1.0
246 silly placeDep ROOT gensync@1.0.0-beta.2 OK for: @babel/core@7.29.7 want: ^1.0.0-beta.2
247 silly placeDep ROOT json5@2.2.3 OK for: @babel/core@7.29.7 want: ^2.2.3
248 silly placeDep ROOT semver@6.3.1 OK for: @babel/core@7.29.7 want: ^6.3.1
249 silly fetch manifest js-tokens@^4.0.0
250 silly packumentCache full:https://registry.yarnpkg.com/js-tokens cache-miss
251 silly fetch manifest picocolors@^1.1.1
252 silly packumentCache full:https://registry.yarnpkg.com/picocolors cache-miss
253 silly fetch manifest @babel/helper-validator-identifier@^7.29.7
254 silly packumentCache full:https://registry.yarnpkg.com/@babel%2fhelper-validator-identifier cache-miss
255 silly fetch manifest jsesc@^3.0.2
256 silly packumentCache full:https://registry.yarnpkg.com/jsesc cache-miss
257 silly fetch manifest @babel/types@^7.29.8
258 silly packumentCache full:https://registry.yarnpkg.com/@babel%2ftypes cache-hit
259 silly fetch manifest @babel/parser@^7.29.8
260 silly packumentCache full:https://registry.yarnpkg.com/@babel%2fparser cache-hit
261 silly fetch manifest @jridgewell/gen-mapping@^0.3.12
262 silly packumentCache full:https://registry.yarnpkg.com/@jridgewell%2fgen-mapping cache-miss
263 silly fetch manifest @jridgewell/trace-mapping@^0.3.28
264 silly packumentCache full:https://registry.yarnpkg.com/@jridgewell%2ftrace-mapping cache-miss
265 silly fetch manifest lru-cache@^5.1.1
266 silly packumentCache full:https://registry.yarnpkg.com/lru-cache cache-miss
267 http fetch GET 200 https://registry.yarnpkg.com/picocolors 53ms (cache miss)
268 silly packumentCache full:https://registry.yarnpkg.com/picocolors set size:undefined disposed:false
269 silly fetch manifest browserslist@^4.24.0
270 silly packumentCache full:https://registry.yarnpkg.com/browserslist cache-miss
271 http fetch GET 200 https://registry.yarnpkg.com/js-tokens 62ms (cache miss)
272 silly packumentCache full:https://registry.yarnpkg.com/js-tokens set size:undefined disposed:false
273 silly fetch manifest @babel/compat-data@^7.29.7
274 silly packumentCache full:https://registry.yarnpkg.com/@babel%2fcompat-data cache-miss
275 http fetch GET 200 https://registry.yarnpkg.com/jsesc 61ms (cache miss)
276 silly packumentCache full:https://registry.yarnpkg.com/jsesc set size:undefined disposed:false
277 silly fetch manifest @babel/helper-validator-option@^7.29.7
278 silly packumentCache full:https://registry.yarnpkg.com/@babel%2fhelper-validator-option cache-miss
279 http fetch GET 200 https://registry.yarnpkg.com/@babel%2fhelper-validator-identifier 67ms (cache miss)
280 silly packumentCache full:https://registry.yarnpkg.com/@babel%2fhelper-validator-identifier set size:undefined disposed:false
281 silly fetch manifest @babel/helper-module-imports@^7.29.7
282 silly packumentCache full:https://registry.yarnpkg.com/@babel%2fhelper-module-imports cache-miss
283 http fetch GET 200 https://registry.yarnpkg.com/@jridgewell%2fgen-mapping 73ms (cache miss)
284 silly packumentCache full:https://registry.yarnpkg.com/@jridgewell%2fgen-mapping set size:undefined disposed:false
285 silly fetch manifest debug@^4.3.1
286 silly packumentCache full:https://registry.yarnpkg.com/debug cache-miss
287 http cache https://registry.yarnpkg.com/debug 6ms (cache hit)
288 silly packumentCache full:https://registry.yarnpkg.com/debug set size:195840 disposed:false
289 silly fetch manifest @babel/helper-globals@^7.29.7
290 silly packumentCache full:https://registry.yarnpkg.com/@babel%2fhelper-globals cache-miss
291 http fetch GET 200 https://registry.yarnpkg.com/@jridgewell%2ftrace-mapping 85ms (cache miss)
292 silly packumentCache full:https://registry.yarnpkg.com/@jridgewell%2ftrace-mapping set size:undefined disposed:false
293 silly fetch manifest @babel/helper-string-parser@^7.29.7
294 silly packumentCache full:https://registry.yarnpkg.com/@babel%2fhelper-string-parser cache-miss
295 http fetch GET 200 https://registry.yarnpkg.com/lru-cache 89ms (cache miss)
296 silly packumentCache full:https://registry.yarnpkg.com/lru-cache set size:undefined disposed:false
297 silly fetch manifest @jridgewell/gen-mapping@^0.3.5
298 silly packumentCache full:https://registry.yarnpkg.com/@jridgewell%2fgen-mapping cache-miss
299 http cache https://registry.yarnpkg.com/@jridgewell%2fgen-mapping 9ms (cache hit)
300 silly packumentCache full:https://registry.yarnpkg.com/@jridgewell%2fgen-mapping set size:75941 disposed:false
301 silly fetch manifest @jridgewell/trace-mapping@^0.3.24
302 silly packumentCache full:https://registry.yarnpkg.com/@jridgewell%2ftrace-mapping cache-miss
303 http fetch GET 200 https://registry.yarnpkg.com/@babel%2fhelper-validator-option 59ms (cache miss)
304 silly packumentCache full:https://registry.yarnpkg.com/@babel%2fhelper-validator-option set size:undefined disposed:false
305 silly fetch manifest ms@^2.1.3
306 silly packumentCache full:https://registry.yarnpkg.com/ms cache-miss
307 http cache https://registry.yarnpkg.com/@jridgewell%2ftrace-mapping 24ms (cache hit)
308 silly packumentCache full:https://registry.yarnpkg.com/@jridgewell%2ftrace-mapping set size:170909 disposed:false
309 http fetch GET 200 https://registry.yarnpkg.com/@babel%2fhelper-globals 54ms (cache miss)
310 silly packumentCache full:https://registry.yarnpkg.com/@babel%2fhelper-globals set size:undefined disposed:false
311 http fetch GET 200 https://registry.yarnpkg.com/browserslist 92ms (cache miss)
312 silly packumentCache full:https://registry.yarnpkg.com/browserslist set size:undefined disposed:false
313 http fetch GET 200 https://registry.yarnpkg.com/@babel%2fhelper-string-parser 60ms (cache miss)
314 silly packumentCache full:https://registry.yarnpkg.com/@babel%2fhelper-string-parser set size:undefined disposed:false
315 http fetch GET 200 https://registry.yarnpkg.com/@babel%2fhelper-module-imports 86ms (cache miss)
316 silly packumentCache full:https://registry.yarnpkg.com/@babel%2fhelper-module-imports set size:undefined disposed:false
317 http fetch GET 200 https://registry.yarnpkg.com/@babel%2fcompat-data 99ms (cache miss)
318 silly packumentCache full:https://registry.yarnpkg.com/@babel%2fcompat-data set size:undefined disposed:false
319 http fetch GET 200 https://registry.yarnpkg.com/ms 53ms (cache miss)
320 silly packumentCache full:https://registry.yarnpkg.com/ms set size:undefined disposed:false
321 silly placeDep ROOT @babel/helper-validator-identifier@7.29.7 OK for: @babel/code-frame@7.29.7 want: ^7.29.7
322 silly placeDep ROOT js-tokens@4.0.0 OK for: @babel/code-frame@7.29.7 want: ^4.0.0
323 silly placeDep ROOT picocolors@1.1.1 OK for: @babel/code-frame@7.29.7 want: ^1.1.1
324 silly placeDep ROOT @jridgewell/gen-mapping@0.3.13 OK for: @babel/generator@7.29.8 want: ^0.3.12
325 silly placeDep ROOT @jridgewell/trace-mapping@0.3.31 OK for: @babel/generator@7.29.8 want: ^0.3.28
326 silly placeDep ROOT jsesc@3.1.0 OK for: @babel/generator@7.29.8 want: ^3.0.2
327 silly fetch manifest @jridgewell/sourcemap-codec@^1.5.0
328 silly packumentCache full:https://registry.yarnpkg.com/@jridgewell%2fsourcemap-codec cache-miss
329 silly fetch manifest @jridgewell/resolve-uri@^3.1.0
330 silly packumentCache full:https://registry.yarnpkg.com/@jridgewell%2fresolve-uri cache-miss
331 silly fetch manifest @jridgewell/sourcemap-codec@^1.4.14
332 silly packumentCache full:https://registry.yarnpkg.com/@jridgewell%2fsourcemap-codec cache-miss
333 http fetch GET 200 https://registry.yarnpkg.com/@jridgewell%2fsourcemap-codec 52ms (cache miss)
334 silly packumentCache full:https://registry.yarnpkg.com/@jridgewell%2fsourcemap-codec set size:undefined disposed:false
335 http fetch GET 200 https://registry.yarnpkg.com/@jridgewell%2fsourcemap-codec 56ms (cache miss)
336 silly packumentCache full:https://registry.yarnpkg.com/@jridgewell%2fsourcemap-codec set size:undefined disposed:false
337 http fetch GET 200 https://registry.yarnpkg.com/@jridgewell%2fresolve-uri 59ms (cache miss)
338 silly packumentCache full:https://registry.yarnpkg.com/@jridgewell%2fresolve-uri set size:undefined disposed:false
339 silly placeDep ROOT @babel/compat-data@7.29.7 OK for: @babel/helper-compilation-targets@7.29.7 want: ^7.29.7
340 silly placeDep ROOT @babel/helper-validator-option@7.29.7 OK for: @babel/helper-compilation-targets@7.29.7 want: ^7.29.7
341 silly placeDep ROOT browserslist@4.28.7 OK for: @babel/helper-compilation-targets@7.29.7 want: ^4.24.0
342 silly placeDep ROOT lru-cache@5.1.1 OK for: @babel/helper-compilation-targets@7.29.7 want: ^5.1.1
343 silly fetch manifest caniuse-lite@^1.0.30001806
344 silly packumentCache full:https://registry.yarnpkg.com/caniuse-lite cache-miss
345 silly fetch manifest node-releases@^2.0.51
346 silly packumentCache full:https://registry.yarnpkg.com/node-releases cache-miss
347 silly fetch manifest electron-to-chromium@^1.5.393
348 silly packumentCache full:https://registry.yarnpkg.com/electron-to-chromium cache-miss
349 silly fetch manifest update-browserslist-db@^1.2.3
350 silly packumentCache full:https://registry.yarnpkg.com/update-browserslist-db cache-miss
351 silly fetch manifest baseline-browser-mapping@^2.10.44
352 silly packumentCache full:https://registry.yarnpkg.com/baseline-browser-mapping cache-miss
353 silly fetch manifest yallist@^3.0.2
354 silly packumentCache full:https://registry.yarnpkg.com/yallist cache-miss
355 http fetch GET 200 https://registry.yarnpkg.com/yallist 40ms (cache miss)
356 silly packumentCache full:https://registry.yarnpkg.com/yallist set size:undefined disposed:false
357 http fetch GET 200 https://registry.yarnpkg.com/update-browserslist-db 65ms (cache miss)
358 silly packumentCache full:https://registry.yarnpkg.com/update-browserslist-db set size:undefined disposed:false
359 http fetch GET 200 https://registry.yarnpkg.com/node-releases 73ms (cache miss)
360 silly packumentCache full:https://registry.yarnpkg.com/node-releases set size:undefined disposed:false
361 http fetch GET 200 https://registry.yarnpkg.com/baseline-browser-mapping 70ms (cache miss)
362 silly packumentCache full:https://registry.yarnpkg.com/baseline-browser-mapping set size:undefined disposed:false
363 http fetch GET 200 https://registry.yarnpkg.com/caniuse-lite 294ms (cache miss)
364 silly packumentCache full:https://registry.yarnpkg.com/caniuse-lite set size:undefined disposed:false
365 http fetch GET 200 https://registry.yarnpkg.com/electron-to-chromium 312ms (cache miss)
366 silly packumentCache full:https://registry.yarnpkg.com/electron-to-chromium set size:undefined disposed:false
367 silly placeDep ROOT @babel/helper-module-imports@7.29.7 OK for: @babel/helper-module-transforms@7.29.7 want: ^7.29.7
368 silly placeDep ROOT @babel/helper-plugin-utils@7.29.7 OK for: @babel/plugin-transform-react-jsx-self@7.29.7 want: ^7.29.7
369 silly placeDep ROOT @babel/helper-globals@7.29.7 OK for: @babel/traverse@7.29.8 want: ^7.29.7
370 silly placeDep ROOT @babel/helper-string-parser@7.29.7 OK for: @babel/types@7.29.8 want: ^7.29.7
371 silly placeDep ROOT @jridgewell/sourcemap-codec@1.5.5 OK for: @jridgewell/gen-mapping@0.3.13 want: ^1.5.0
372 silly placeDep ROOT @jridgewell/resolve-uri@3.1.2 OK for: @jridgewell/trace-mapping@0.3.31 want: ^3.1.0
373 silly placeDep ROOT @types/babel__generator@7.27.0 OK for: @types/babel__core@7.20.5 want: *
374 silly placeDep ROOT @types/babel__template@7.4.4 OK for: @types/babel__core@7.20.5 want: *
375 silly placeDep ROOT @types/babel__traverse@7.28.0 OK for: @types/babel__core@7.20.5 want: *
376 silly fetch manifest browserslist@>= 4.21.0
377 silly packumentCache full:https://registry.yarnpkg.com/browserslist cache-miss
378 http cache https://registry.yarnpkg.com/browserslist 5ms (cache hit)
379 silly packumentCache full:https://registry.yarnpkg.com/browserslist set size:516369 disposed:false
380 silly placeDep ROOT baseline-browser-mapping@2.11.12 OK for: browserslist@4.28.7 want: ^2.10.44
381 silly placeDep ROOT caniuse-lite@1.0.30001806 OK for: browserslist@4.28.7 want: ^1.0.30001806
382 silly placeDep ROOT electron-to-chromium@1.5.402 OK for: browserslist@4.28.7 want: ^1.5.393
383 silly placeDep ROOT node-releases@2.0.53 OK for: browserslist@4.28.7 want: ^2.0.51
384 silly placeDep ROOT update-browserslist-db@1.2.3 OK for: browserslist@4.28.7 want: ^1.2.3
385 silly fetch manifest escalade@^3.2.0
386 silly packumentCache full:https://registry.yarnpkg.com/escalade cache-miss
387 http fetch GET 200 https://registry.yarnpkg.com/escalade 39ms (cache miss)
388 silly packumentCache full:https://registry.yarnpkg.com/escalade set size:undefined disposed:false
389 silly placeDep ROOT ms@2.1.3 OK for: debug@4.4.3 want: ^2.1.3
390 silly placeDep ROOT yallist@3.1.1 OK for: lru-cache@5.1.1 want: ^3.0.2
391 silly placeDep ROOT loose-envify@1.4.0 OK for: react@18.3.1 want: ^1.1.0
392 silly placeDep ROOT scheduler@0.23.2 OK for: react-dom@18.3.1 want: ^0.23.2
393 silly fetch manifest react@>=16.8
394 silly packumentCache full:https://registry.yarnpkg.com/react cache-miss
395 http cache https://registry.yarnpkg.com/react 20ms (cache hit)
396 silly packumentCache full:https://registry.yarnpkg.com/react set size:6868792 disposed:false
397 silly placeDep ROOT @remix-run/router@1.23.3 OK for: react-router-dom@6.30.4 want: 1.23.3
398 silly placeDep ROOT react-router@6.30.4 OK for: react-router-dom@6.30.4 want: 6.30.4
399 silly placeDep ROOT escalade@3.2.0 OK for: update-browserslist-db@1.2.3 want: ^3.2.0
400 silly placeDep ROOT esbuild@0.21.5 OK for: vite@5.4.21 want: ^0.21.3
401 silly placeDep ROOT fsevents@2.3.3 OK for: vite@5.4.21 want: ~2.3.3
402 silly placeDep ROOT postcss@8.5.25 OK for: vite@5.4.21 want: ^8.4.43
403 silly placeDep ROOT rollup@4.62.4 OK for: vite@5.4.21 want: ^4.20.0
404 silly fetch manifest @esbuild/aix-ppc64@0.21.5
405 silly packumentCache full:https://registry.yarnpkg.com/@esbuild%2faix-ppc64 cache-miss
406 silly fetch manifest @esbuild/linux-arm@0.21.5
407 silly packumentCache full:https://registry.yarnpkg.com/@esbuild%2flinux-arm cache-miss
408 silly fetch manifest @esbuild/linux-x64@0.21.5
409 silly packumentCache full:https://registry.yarnpkg.com/@esbuild%2flinux-x64 cache-miss
410 silly fetch manifest @esbuild/sunos-x64@0.21.5
411 silly packumentCache full:https://registry.yarnpkg.com/@esbuild%2fsunos-x64 cache-miss
412 silly fetch manifest @esbuild/win32-x64@0.21.5
413 silly packumentCache full:https://registry.yarnpkg.com/@esbuild%2fwin32-x64 cache-miss
414 silly fetch manifest @esbuild/darwin-x64@0.21.5
415 silly packumentCache full:https://registry.yarnpkg.com/@esbuild%2fdarwin-x64 cache-miss
416 silly fetch manifest @esbuild/linux-ia32@0.21.5
417 silly packumentCache full:https://registry.yarnpkg.com/@esbuild%2flinux-ia32 cache-miss
418 http fetch GET 200 https://registry.yarnpkg.com/@esbuild%2faix-ppc64 53ms (cache miss)
419 silly packumentCache full:https://registry.yarnpkg.com/@esbuild%2faix-ppc64 set size:undefined disposed:false
420 silly fetch manifest @esbuild/netbsd-x64@0.21.5
421 silly packumentCache full:https://registry.yarnpkg.com/@esbuild%2fnetbsd-x64 cache-miss
422 http fetch GET 200 https://registry.yarnpkg.com/@esbuild%2fsunos-x64 63ms (cache miss)
423 silly packumentCache full:https://registry.yarnpkg.com/@esbuild%2fsunos-x64 set size:undefined disposed:false
424 silly fetch manifest @esbuild/win32-ia32@0.21.5
425 silly packumentCache full:https://registry.yarnpkg.com/@esbuild%2fwin32-ia32 cache-miss
426 http fetch GET 200 https://registry.yarnpkg.com/@esbuild%2flinux-x64 71ms (cache miss)
427 silly packumentCache full:https://registry.yarnpkg.com/@esbuild%2flinux-x64 set size:undefined disposed:false
428 silly fetch manifest @esbuild/android-arm@0.21.5
429 silly packumentCache full:https://registry.yarnpkg.com/@esbuild%2fandroid-arm cache-miss
430 http fetch GET 200 https://registry.yarnpkg.com/@esbuild%2fwin32-x64 86ms (cache miss)
431 silly packumentCache full:https://registry.yarnpkg.com/@esbuild%2fwin32-x64 set size:undefined disposed:false
432 silly fetch manifest @esbuild/android-x64@0.21.5
433 silly packumentCache full:https://registry.yarnpkg.com/@esbuild%2fandroid-x64 cache-miss
434 http fetch GET 200 https://registry.yarnpkg.com/@esbuild%2flinux-ia32 93ms (cache miss)
435 silly packumentCache full:https://registry.yarnpkg.com/@esbuild%2flinux-ia32 set size:undefined disposed:false
436 silly fetch manifest @esbuild/freebsd-x64@0.21.5
437 silly packumentCache full:https://registry.yarnpkg.com/@esbuild%2ffreebsd-x64 cache-miss
438 http fetch GET 200 https://registry.yarnpkg.com/@esbuild%2flinux-arm 101ms (cache miss)
439 silly packumentCache full:https://registry.yarnpkg.com/@esbuild%2flinux-arm set size:undefined disposed:false
440 silly fetch manifest @esbuild/linux-arm64@0.21.5
441 silly packumentCache full:https://registry.yarnpkg.com/@esbuild%2flinux-arm64 cache-miss
442 http fetch GET 200 https://registry.yarnpkg.com/@esbuild%2fdarwin-x64 106ms (cache miss)
443 silly packumentCache full:https://registry.yarnpkg.com/@esbuild%2fdarwin-x64 set size:undefined disposed:false
444 silly fetch manifest @esbuild/linux-ppc64@0.21.5
445 silly packumentCache full:https://registry.yarnpkg.com/@esbuild%2flinux-ppc64 cache-miss
446 http fetch GET 200 https://registry.yarnpkg.com/@esbuild%2fnetbsd-x64 65ms (cache miss)
447 silly packumentCache full:https://registry.yarnpkg.com/@esbuild%2fnetbsd-x64 set size:undefined disposed:false
448 silly fetch manifest @esbuild/linux-s390x@0.21.5
449 silly packumentCache full:https://registry.yarnpkg.com/@esbuild%2flinux-s390x cache-miss
450 http fetch GET 200 https://registry.yarnpkg.com/@esbuild%2fwin32-ia32 64ms (cache miss)
451 silly packumentCache full:https://registry.yarnpkg.com/@esbuild%2fwin32-ia32 set size:undefined disposed:false
452 silly fetch manifest @esbuild/openbsd-x64@0.21.5
453 silly packumentCache full:https://registry.yarnpkg.com/@esbuild%2fopenbsd-x64 cache-miss
454 http fetch GET 200 https://registry.yarnpkg.com/@esbuild%2fandroid-arm 68ms (cache miss)
455 silly packumentCache full:https://registry.yarnpkg.com/@esbuild%2fandroid-arm set size:undefined disposed:false
456 silly fetch manifest @esbuild/win32-arm64@0.21.5
457 silly packumentCache full:https://registry.yarnpkg.com/@esbuild%2fwin32-arm64 cache-miss
458 http fetch GET 200 https://registry.yarnpkg.com/@esbuild%2fandroid-x64 64ms (cache miss)
459 silly packumentCache full:https://registry.yarnpkg.com/@esbuild%2fandroid-x64 set size:undefined disposed:false
460 silly fetch manifest @esbuild/darwin-arm64@0.21.5
461 silly packumentCache full:https://registry.yarnpkg.com/@esbuild%2fdarwin-arm64 cache-miss
462 http fetch GET 200 https://registry.yarnpkg.com/@esbuild%2ffreebsd-x64 72ms (cache miss)
463 silly packumentCache full:https://registry.yarnpkg.com/@esbuild%2ffreebsd-x64 set size:undefined disposed:false
464 silly fetch manifest @esbuild/android-arm64@0.21.5
465 silly packumentCache full:https://registry.yarnpkg.com/@esbuild%2fandroid-arm64 cache-miss
466 http fetch GET 200 https://registry.yarnpkg.com/@esbuild%2flinux-arm64 82ms (cache miss)
467 silly packumentCache full:https://registry.yarnpkg.com/@esbuild%2flinux-arm64 set size:undefined disposed:false
468 silly fetch manifest @esbuild/freebsd-arm64@0.21.5
469 silly packumentCache full:https://registry.yarnpkg.com/@esbuild%2ffreebsd-arm64 cache-miss
470 http fetch GET 200 https://registry.yarnpkg.com/@esbuild%2flinux-ppc64 79ms (cache miss)
471 silly packumentCache full:https://registry.yarnpkg.com/@esbuild%2flinux-ppc64 set size:undefined disposed:false
472 silly fetch manifest @esbuild/linux-loong64@0.21.5
473 silly packumentCache full:https://registry.yarnpkg.com/@esbuild%2flinux-loong64 cache-miss
474 http fetch GET 200 https://registry.yarnpkg.com/@esbuild%2flinux-s390x 76ms (cache miss)
475 silly packumentCache full:https://registry.yarnpkg.com/@esbuild%2flinux-s390x set size:undefined disposed:false
476 silly fetch manifest @esbuild/linux-riscv64@0.21.5
477 silly packumentCache full:https://registry.yarnpkg.com/@esbuild%2flinux-riscv64 cache-miss
478 http fetch GET 200 https://registry.yarnpkg.com/@esbuild%2fopenbsd-x64 78ms (cache miss)
479 silly packumentCache full:https://registry.yarnpkg.com/@esbuild%2fopenbsd-x64 set size:undefined disposed:false
480 silly fetch manifest @esbuild/linux-mips64el@0.21.5
481 silly packumentCache full:https://registry.yarnpkg.com/@esbuild%2flinux-mips64el cache-miss
482 http fetch GET 200 https://registry.yarnpkg.com/@esbuild%2fwin32-arm64 84ms (cache miss)
483 silly packumentCache full:https://registry.yarnpkg.com/@esbuild%2fwin32-arm64 set size:undefined disposed:false
484 silly fetch manifest nanoid@^3.3.16
485 silly packumentCache full:https://registry.yarnpkg.com/nanoid cache-miss
486 http fetch GET 200 https://registry.yarnpkg.com/@esbuild%2fdarwin-arm64 83ms (cache miss)
487 silly packumentCache full:https://registry.yarnpkg.com/@esbuild%2fdarwin-arm64 set size:undefined disposed:false
488 silly fetch manifest source-map-js@^1.2.1
489 silly packumentCache full:https://registry.yarnpkg.com/source-map-js cache-miss
490 http fetch GET 200 https://registry.yarnpkg.com/@esbuild%2fandroid-arm64 76ms (cache miss)
491 silly packumentCache full:https://registry.yarnpkg.com/@esbuild%2fandroid-arm64 set size:undefined disposed:false
492 silly fetch manifest @types/estree@1.0.9
493 silly packumentCache full:https://registry.yarnpkg.com/@types%2festree cache-miss
494 http fetch GET 200 https://registry.yarnpkg.com/@esbuild%2ffreebsd-arm64 71ms (cache miss)
495 silly packumentCache full:https://registry.yarnpkg.com/@esbuild%2ffreebsd-arm64 set size:undefined disposed:false
496 silly fetch manifest @rollup/rollup-darwin-x64@4.62.4
497 silly packumentCache full:https://registry.yarnpkg.com/@rollup%2frollup-darwin-x64 cache-miss
498 http fetch GET 200 https://registry.yarnpkg.com/@esbuild%2flinux-loong64 76ms (cache miss)
499 silly packumentCache full:https://registry.yarnpkg.com/@esbuild%2flinux-loong64 set size:undefined disposed:false
500 silly fetch manifest @rollup/rollup-freebsd-x64@4.62.4
501 silly packumentCache full:https://registry.yarnpkg.com/@rollup%2frollup-freebsd-x64 cache-miss
502 http fetch GET 200 https://registry.yarnpkg.com/@esbuild%2flinux-riscv64 92ms (cache miss)
503 silly packumentCache full:https://registry.yarnpkg.com/@esbuild%2flinux-riscv64 set size:undefined disposed:false
504 silly fetch manifest @rollup/rollup-openbsd-x64@4.62.4
505 silly packumentCache full:https://registry.yarnpkg.com/@rollup%2frollup-openbsd-x64 cache-miss
506 http fetch GET 200 https://registry.yarnpkg.com/@esbuild%2flinux-mips64el 79ms (cache miss)
507 silly packumentCache full:https://registry.yarnpkg.com/@esbuild%2flinux-mips64el set size:undefined disposed:false
508 silly fetch manifest @napi-rs/lzma-linux-x64-gnu@1.5.1
509 silly packumentCache full:https://registry.yarnpkg.com/@napi-rs%2flzma-linux-x64-gnu cache-miss
510 http fetch GET 200 https://registry.yarnpkg.com/source-map-js 53ms (cache miss)
511 silly packumentCache full:https://registry.yarnpkg.com/source-map-js set size:undefined disposed:false
512 silly fetch manifest @rollup/rollup-darwin-arm64@4.62.4
513 silly packumentCache full:https://registry.yarnpkg.com/@rollup%2frollup-darwin-arm64 cache-miss
514 http fetch GET 200 https://registry.yarnpkg.com/@types%2festree 55ms (cache miss)
515 silly packumentCache full:https://registry.yarnpkg.com/@types%2festree set size:undefined disposed:false
516 silly fetch manifest @rollup/rollup-android-arm64@4.62.4
517 silly packumentCache full:https://registry.yarnpkg.com/@rollup%2frollup-android-arm64 cache-miss
518 http fetch GET 200 https://registry.yarnpkg.com/nanoid 78ms (cache miss)
519 silly packumentCache full:https://registry.yarnpkg.com/nanoid set size:undefined disposed:false
520 silly fetch manifest @rollup/rollup-freebsd-arm64@4.62.4
521 silly packumentCache full:https://registry.yarnpkg.com/@rollup%2frollup-freebsd-arm64 cache-miss
522 http fetch GET 200 https://registry.yarnpkg.com/@rollup%2frollup-freebsd-x64 60ms (cache miss)
523 silly packumentCache full:https://registry.yarnpkg.com/@rollup%2frollup-freebsd-x64 set size:undefined disposed:false
524 silly fetch manifest @rollup/rollup-linux-x64-gnu@4.62.4
525 silly packumentCache full:https://registry.yarnpkg.com/@rollup%2frollup-linux-x64-gnu cache-miss
526 http fetch GET 200 https://registry.yarnpkg.com/@napi-rs%2flzma-linux-x64-gnu 59ms (cache miss)
527 silly packumentCache full:https://registry.yarnpkg.com/@napi-rs%2flzma-linux-x64-gnu set size:undefined disposed:false
528 silly fetch manifest @rollup/rollup-win32-x64-gnu@4.62.4
529 silly packumentCache full:https://registry.yarnpkg.com/@rollup%2frollup-win32-x64-gnu cache-miss
530 http fetch GET 200 https://registry.yarnpkg.com/@rollup%2frollup-openbsd-x64 69ms (cache miss)
531 silly packumentCache full:https://registry.yarnpkg.com/@rollup%2frollup-openbsd-x64 set size:undefined disposed:false
532 silly fetch manifest @rollup/rollup-linux-x64-musl@4.62.4
533 silly packumentCache full:https://registry.yarnpkg.com/@rollup%2frollup-linux-x64-musl cache-miss
534 http fetch GET 200 https://registry.yarnpkg.com/@rollup%2frollup-darwin-x64 113ms (cache miss)
535 silly packumentCache full:https://registry.yarnpkg.com/@rollup%2frollup-darwin-x64 set size:undefined disposed:false
536 silly fetch manifest @rollup/rollup-win32-x64-msvc@4.62.4
537 silly packumentCache full:https://registry.yarnpkg.com/@rollup%2frollup-win32-x64-msvc cache-miss
538 http fetch GET 200 https://registry.yarnpkg.com/@rollup%2frollup-darwin-arm64 79ms (cache miss)
539 silly packumentCache full:https://registry.yarnpkg.com/@rollup%2frollup-darwin-arm64 set size:undefined disposed:false
540 silly fetch manifest @rollup/rollup-linux-arm64-gnu@4.62.4
541 silly packumentCache full:https://registry.yarnpkg.com/@rollup%2frollup-linux-arm64-gnu cache-miss
542 http fetch GET 200 https://registry.yarnpkg.com/@rollup%2frollup-freebsd-arm64 68ms (cache miss)
543 silly packumentCache full:https://registry.yarnpkg.com/@rollup%2frollup-freebsd-arm64 set size:undefined disposed:false
544 silly fetch manifest @rollup/rollup-linux-ppc64-gnu@4.62.4
545 silly packumentCache full:https://registry.yarnpkg.com/@rollup%2frollup-linux-ppc64-gnu cache-miss
546 http fetch GET 200 https://registry.yarnpkg.com/@rollup%2frollup-android-arm64 83ms (cache miss)
547 silly packumentCache full:https://registry.yarnpkg.com/@rollup%2frollup-android-arm64 set size:undefined disposed:false
548 silly fetch manifest @rollup/rollup-linux-s390x-gnu@4.62.4
549 silly packumentCache full:https://registry.yarnpkg.com/@rollup%2frollup-linux-s390x-gnu cache-miss
550 http fetch GET 200 https://registry.yarnpkg.com/@rollup%2frollup-win32-x64-gnu 41ms (cache miss)
551 silly packumentCache full:https://registry.yarnpkg.com/@rollup%2frollup-win32-x64-gnu set size:undefined disposed:false
552 silly fetch manifest @rollup/rollup-win32-ia32-msvc@4.62.4
553 silly packumentCache full:https://registry.yarnpkg.com/@rollup%2frollup-win32-ia32-msvc cache-miss
554 http fetch GET 200 https://registry.yarnpkg.com/@rollup%2frollup-linux-x64-gnu 80ms (cache miss)
555 silly packumentCache full:https://registry.yarnpkg.com/@rollup%2frollup-linux-x64-gnu set size:undefined disposed:false
556 silly fetch manifest @rollup/rollup-android-arm-eabi@4.62.4
557 silly packumentCache full:https://registry.yarnpkg.com/@rollup%2frollup-android-arm-eabi cache-miss
558 http fetch GET 200 https://registry.yarnpkg.com/@rollup%2frollup-linux-x64-musl 59ms (cache miss)
559 silly packumentCache full:https://registry.yarnpkg.com/@rollup%2frollup-linux-x64-musl set size:undefined disposed:false
560 silly fetch manifest @rollup/rollup-linux-arm64-musl@4.62.4
561 silly packumentCache full:https://registry.yarnpkg.com/@rollup%2frollup-linux-arm64-musl cache-miss
562 http fetch GET 200 https://registry.yarnpkg.com/@rollup%2frollup-linux-ppc64-gnu 54ms (cache miss)
563 silly packumentCache full:https://registry.yarnpkg.com/@rollup%2frollup-linux-ppc64-gnu set size:undefined disposed:false
564 silly fetch manifest @rollup/rollup-linux-ppc64-musl@4.62.4
565 silly packumentCache full:https://registry.yarnpkg.com/@rollup%2frollup-linux-ppc64-musl cache-miss
566 http fetch GET 200 https://registry.yarnpkg.com/@rollup%2frollup-linux-arm64-gnu 66ms (cache miss)
567 silly packumentCache full:https://registry.yarnpkg.com/@rollup%2frollup-linux-arm64-gnu set size:undefined disposed:false
568 silly fetch manifest @rollup/rollup-win32-arm64-msvc@4.62.4
569 silly packumentCache full:https://registry.yarnpkg.com/@rollup%2frollup-win32-arm64-msvc cache-miss
570 http fetch GET 200 https://registry.yarnpkg.com/@rollup%2frollup-win32-x64-msvc 85ms (cache miss)
571 silly packumentCache full:https://registry.yarnpkg.com/@rollup%2frollup-win32-x64-msvc set size:undefined disposed:false
572 silly fetch manifest @rollup/rollup-linux-loong64-gnu@4.62.4
573 silly packumentCache full:https://registry.yarnpkg.com/@rollup%2frollup-linux-loong64-gnu cache-miss
574 http fetch GET 200 https://registry.yarnpkg.com/@rollup%2frollup-linux-s390x-gnu 74ms (cache miss)
575 silly packumentCache full:https://registry.yarnpkg.com/@rollup%2frollup-linux-s390x-gnu set size:undefined disposed:false
576 silly fetch manifest @rollup/rollup-linux-riscv64-gnu@4.62.4
577 silly packumentCache full:https://registry.yarnpkg.com/@rollup%2frollup-linux-riscv64-gnu cache-miss
578 http fetch GET 200 https://registry.yarnpkg.com/@rollup%2frollup-win32-ia32-msvc 77ms (cache miss)
579 silly packumentCache full:https://registry.yarnpkg.com/@rollup%2frollup-win32-ia32-msvc set size:undefined disposed:false
580 silly fetch manifest @rollup/rollup-openharmony-arm64@4.62.4
581 silly packumentCache full:https://registry.yarnpkg.com/@rollup%2frollup-openharmony-arm64 cache-miss
582 http fetch GET 200 https://registry.yarnpkg.com/@rollup%2frollup-linux-ppc64-musl 47ms (cache miss)
583 silly packumentCache full:https://registry.yarnpkg.com/@rollup%2frollup-linux-ppc64-musl set size:undefined disposed:false
584 silly fetch manifest @rollup/rollup-linux-loong64-musl@4.62.4
585 silly packumentCache full:https://registry.yarnpkg.com/@rollup%2frollup-linux-loong64-musl cache-miss
586 http fetch GET 200 https://registry.yarnpkg.com/@rollup%2frollup-linux-arm64-musl 70ms (cache miss)
587 silly packumentCache full:https://registry.yarnpkg.com/@rollup%2frollup-linux-arm64-musl set size:undefined disposed:false
588 silly fetch manifest @rollup/rollup-linux-riscv64-musl@4.62.4
589 silly packumentCache full:https://registry.yarnpkg.com/@rollup%2frollup-linux-riscv64-musl cache-miss
590 http fetch GET 200 https://registry.yarnpkg.com/@rollup%2frollup-android-arm-eabi 89ms (cache miss)
591 silly packumentCache full:https://registry.yarnpkg.com/@rollup%2frollup-android-arm-eabi set size:undefined disposed:false
592 silly fetch manifest @rollup/rollup-linux-arm-gnueabihf@4.62.4
593 silly packumentCache full:https://registry.yarnpkg.com/@rollup%2frollup-linux-arm-gnueabihf cache-miss
594 http fetch GET 200 https://registry.yarnpkg.com/@rollup%2frollup-win32-arm64-msvc 77ms (cache miss)
595 silly packumentCache full:https://registry.yarnpkg.com/@rollup%2frollup-win32-arm64-msvc set size:undefined disposed:false
596 silly fetch manifest @rollup/rollup-linux-arm-musleabihf@4.62.4
597 silly packumentCache full:https://registry.yarnpkg.com/@rollup%2frollup-linux-arm-musleabihf cache-miss
598 http fetch GET 200 https://registry.yarnpkg.com/@rollup%2frollup-linux-loong64-gnu 72ms (cache miss)
599 silly packumentCache full:https://registry.yarnpkg.com/@rollup%2frollup-linux-loong64-gnu set size:undefined disposed:false
600 http fetch GET 200 https://registry.yarnpkg.com/@rollup%2frollup-openharmony-arm64 59ms (cache miss)
601 silly packumentCache full:https://registry.yarnpkg.com/@rollup%2frollup-openharmony-arm64 set size:undefined disposed:false
602 http fetch GET 200 https://registry.yarnpkg.com/@rollup%2frollup-linux-loong64-musl 50ms (cache miss)
603 silly packumentCache full:https://registry.yarnpkg.com/@rollup%2frollup-linux-loong64-musl set size:undefined disposed:false
604 http fetch GET 200 https://registry.yarnpkg.com/@rollup%2frollup-linux-riscv64-gnu 74ms (cache miss)
605 silly packumentCache full:https://registry.yarnpkg.com/@rollup%2frollup-linux-riscv64-gnu set size:undefined disposed:false
606 http fetch GET 200 https://registry.yarnpkg.com/@rollup%2frollup-linux-riscv64-musl 49ms (cache miss)
607 silly packumentCache full:https://registry.yarnpkg.com/@rollup%2frollup-linux-riscv64-musl set size:undefined disposed:false
608 http fetch GET 200 https://registry.yarnpkg.com/@rollup%2frollup-linux-arm-musleabihf 67ms (cache miss)
609 silly packumentCache full:https://registry.yarnpkg.com/@rollup%2frollup-linux-arm-musleabihf set size:undefined disposed:false
610 http fetch GET 200 https://registry.yarnpkg.com/@rollup%2frollup-linux-arm-gnueabihf 94ms (cache miss)
611 silly packumentCache full:https://registry.yarnpkg.com/@rollup%2frollup-linux-arm-gnueabihf set size:undefined disposed:false
612 silly placeDep ROOT @esbuild/aix-ppc64@0.21.5 OK for: esbuild@0.21.5 want: 0.21.5
613 silly placeDep ROOT @esbuild/android-arm@0.21.5 OK for: esbuild@0.21.5 want: 0.21.5
614 silly placeDep ROOT @esbuild/android-arm64@0.21.5 OK for: esbuild@0.21.5 want: 0.21.5
615 silly placeDep ROOT @esbuild/android-x64@0.21.5 OK for: esbuild@0.21.5 want: 0.21.5
616 silly placeDep ROOT @esbuild/darwin-arm64@0.21.5 OK for: esbuild@0.21.5 want: 0.21.5
617 silly placeDep ROOT @esbuild/darwin-x64@0.21.5 OK for: esbuild@0.21.5 want: 0.21.5
618 silly placeDep ROOT @esbuild/freebsd-arm64@0.21.5 OK for: esbuild@0.21.5 want: 0.21.5
619 silly placeDep ROOT @esbuild/freebsd-x64@0.21.5 OK for: esbuild@0.21.5 want: 0.21.5
620 silly placeDep ROOT @esbuild/linux-arm@0.21.5 OK for: esbuild@0.21.5 want: 0.21.5
621 silly placeDep ROOT @esbuild/linux-arm64@0.21.5 OK for: esbuild@0.21.5 want: 0.21.5
622 silly placeDep ROOT @esbuild/linux-ia32@0.21.5 OK for: esbuild@0.21.5 want: 0.21.5
623 silly placeDep ROOT @esbuild/linux-loong64@0.21.5 OK for: esbuild@0.21.5 want: 0.21.5
624 silly placeDep ROOT @esbuild/linux-mips64el@0.21.5 OK for: esbuild@0.21.5 want: 0.21.5
625 silly placeDep ROOT @esbuild/linux-ppc64@0.21.5 OK for: esbuild@0.21.5 want: 0.21.5
626 silly placeDep ROOT @esbuild/linux-riscv64@0.21.5 OK for: esbuild@0.21.5 want: 0.21.5
627 silly placeDep ROOT @esbuild/linux-s390x@0.21.5 OK for: esbuild@0.21.5 want: 0.21.5
628 silly placeDep ROOT @esbuild/linux-x64@0.21.5 OK for: esbuild@0.21.5 want: 0.21.5
629 silly placeDep ROOT @esbuild/netbsd-x64@0.21.5 OK for: esbuild@0.21.5 want: 0.21.5
630 silly placeDep ROOT @esbuild/openbsd-x64@0.21.5 OK for: esbuild@0.21.5 want: 0.21.5
631 silly placeDep ROOT @esbuild/sunos-x64@0.21.5 OK for: esbuild@0.21.5 want: 0.21.5
632 silly placeDep ROOT @esbuild/win32-arm64@0.21.5 OK for: esbuild@0.21.5 want: 0.21.5
633 silly placeDep ROOT @esbuild/win32-ia32@0.21.5 OK for: esbuild@0.21.5 want: 0.21.5
634 silly placeDep ROOT @esbuild/win32-x64@0.21.5 OK for: esbuild@0.21.5 want: 0.21.5
635 silly placeDep ROOT nanoid@3.3.17 OK for: postcss@8.5.25 want: ^3.3.16
636 silly placeDep ROOT source-map-js@1.2.1 OK for: postcss@8.5.25 want: ^1.2.1
637 silly placeDep ROOT @napi-rs/lzma-linux-x64-gnu@1.5.1 OK for: rollup@4.62.4 want: 1.5.1
638 silly placeDep ROOT @rollup/rollup-android-arm-eabi@4.62.4 OK for: rollup@4.62.4 want: 4.62.4
639 silly placeDep ROOT @rollup/rollup-android-arm64@4.62.4 OK for: rollup@4.62.4 want: 4.62.4
640 silly placeDep ROOT @rollup/rollup-darwin-arm64@4.62.4 OK for: rollup@4.62.4 want: 4.62.4
641 silly placeDep ROOT @rollup/rollup-darwin-x64@4.62.4 OK for: rollup@4.62.4 want: 4.62.4
642 silly placeDep ROOT @rollup/rollup-freebsd-arm64@4.62.4 OK for: rollup@4.62.4 want: 4.62.4
643 silly placeDep ROOT @rollup/rollup-freebsd-x64@4.62.4 OK for: rollup@4.62.4 want: 4.62.4
644 silly placeDep ROOT @rollup/rollup-linux-arm-gnueabihf@4.62.4 OK for: rollup@4.62.4 want: 4.62.4
645 silly placeDep ROOT @rollup/rollup-linux-arm-musleabihf@4.62.4 OK for: rollup@4.62.4 want: 4.62.4
646 silly placeDep ROOT @rollup/rollup-linux-arm64-gnu@4.62.4 OK for: rollup@4.62.4 want: 4.62.4
647 silly placeDep ROOT @rollup/rollup-linux-arm64-musl@4.62.4 OK for: rollup@4.62.4 want: 4.62.4
648 silly placeDep ROOT @rollup/rollup-linux-loong64-gnu@4.62.4 OK for: rollup@4.62.4 want: 4.62.4
649 silly placeDep ROOT @rollup/rollup-linux-loong64-musl@4.62.4 OK for: rollup@4.62.4 want: 4.62.4
650 silly placeDep ROOT @rollup/rollup-linux-ppc64-gnu@4.62.4 OK for: rollup@4.62.4 want: 4.62.4
651 silly placeDep ROOT @rollup/rollup-linux-ppc64-musl@4.62.4 OK for: rollup@4.62.4 want: 4.62.4
652 silly placeDep ROOT @rollup/rollup-linux-riscv64-gnu@4.62.4 OK for: rollup@4.62.4 want: 4.62.4
653 silly placeDep ROOT @rollup/rollup-linux-riscv64-musl@4.62.4 OK for: rollup@4.62.4 want: 4.62.4
654 silly placeDep ROOT @rollup/rollup-linux-s390x-gnu@4.62.4 OK for: rollup@4.62.4 want: 4.62.4
655 silly placeDep ROOT @rollup/rollup-linux-x64-gnu@4.62.4 OK for: rollup@4.62.4 want: 4.62.4
656 silly placeDep ROOT @rollup/rollup-linux-x64-musl@4.62.4 OK for: rollup@4.62.4 want: 4.62.4
657 silly placeDep ROOT @rollup/rollup-openbsd-x64@4.62.4 OK for: rollup@4.62.4 want: 4.62.4
658 silly placeDep ROOT @rollup/rollup-openharmony-arm64@4.62.4 OK for: rollup@4.62.4 want: 4.62.4
659 silly placeDep ROOT @rollup/rollup-win32-arm64-msvc@4.62.4 OK for: rollup@4.62.4 want: 4.62.4
660 silly placeDep ROOT @rollup/rollup-win32-ia32-msvc@4.62.4 OK for: rollup@4.62.4 want: 4.62.4
661 silly placeDep ROOT @rollup/rollup-win32-x64-gnu@4.62.4 OK for: rollup@4.62.4 want: 4.62.4
662 silly placeDep ROOT @rollup/rollup-win32-x64-msvc@4.62.4 OK for: rollup@4.62.4 want: 4.62.4
663 silly placeDep ROOT @types/estree@1.0.9 OK for: rollup@4.62.4 want: 1.0.9
664 silly reify moves {}
665 silly audit bulk request {
665 silly audit   '@vitejs/plugin-react': [ '4.7.0' ],
665 silly audit   vite: [ '5.4.21' ],
665 silly audit   react: [ '18.3.1' ],
665 silly audit   'react-dom': [ '18.3.1' ],
665 silly audit   'react-router-dom': [ '6.30.4' ],
665 silly audit   '@babel/core': [ '7.29.7' ],
665 silly audit   '@babel/plugin-transform-react-jsx-self': [ '7.29.7' ],
665 silly audit   '@babel/plugin-transform-react-jsx-source': [ '7.29.7' ],
665 silly audit   '@rolldown/pluginutils': [ '1.0.0-beta.27' ],
665 silly audit   '@types/babel__core': [ '7.20.5' ],
665 silly audit   'react-refresh': [ '0.17.0' ],
665 silly audit   '@babel/code-frame': [ '7.29.7' ],
665 silly audit   '@babel/generator': [ '7.29.8' ],
665 silly audit   '@babel/helper-compilation-targets': [ '7.29.7' ],
665 silly audit   '@babel/helper-module-transforms': [ '7.29.7' ],
665 silly audit   '@babel/helpers': [ '7.29.7' ],
665 silly audit   '@babel/parser': [ '7.29.8' ],
665 silly audit   '@babel/template': [ '7.29.7' ],
665 silly audit   '@babel/traverse': [ '7.29.8' ],
665 silly audit   '@babel/types': [ '7.29.8' ],
665 silly audit   '@jridgewell/remapping': [ '2.3.5' ],
665 silly audit   'convert-source-map': [ '2.0.0' ],
665 silly audit   debug: [ '4.4.3' ],
665 silly audit   gensync: [ '1.0.0-beta.2' ],
665 silly audit   json5: [ '2.2.3' ],
665 silly audit   semver: [ '6.3.1' ],
665 silly audit   '@babel/helper-validator-identifier': [ '7.29.7' ],
665 silly audit   'js-tokens': [ '4.0.0' ],
665 silly audit   picocolors: [ '1.1.1' ],
665 silly audit   '@jridgewell/gen-mapping': [ '0.3.13' ],
665 silly audit   '@jridgewell/trace-mapping': [ '0.3.31' ],
665 silly audit   jsesc: [ '3.1.0' ],
665 silly audit   '@babel/compat-data': [ '7.29.7' ],
665 silly audit   '@babel/helper-validator-option': [ '7.29.7' ],
665 silly audit   browserslist: [ '4.28.7' ],
665 silly audit   'lru-cache': [ '5.1.1' ],
665 silly audit   '@babel/helper-module-imports': [ '7.29.7' ],
665 silly audit   '@babel/helper-plugin-utils': [ '7.29.7' ],
665 silly audit   '@babel/helper-globals': [ '7.29.7' ],
665 silly audit   '@babel/helper-string-parser': [ '7.29.7' ],
665 silly audit   '@jridgewell/sourcemap-codec': [ '1.5.5' ],
665 silly audit   '@jridgewell/resolve-uri': [ '3.1.2' ],
665 silly audit   '@types/babel__generator': [ '7.27.0' ],
665 silly audit   '@types/babel__template': [ '7.4.4' ],
665 silly audit   '@types/babel__traverse': [ '7.28.0' ],
665 silly audit   'baseline-browser-mapping': [ '2.11.12' ],
665 silly audit   'caniuse-lite': [ '1.0.30001806' ],
665 silly audit   'electron-to-chromium': [ '1.5.402' ],
665 silly audit   'node-releases': [ '2.0.53' ],
665 silly audit   'update-browserslist-db': [ '1.2.3' ],
665 silly audit   ms: [ '2.1.3' ],
665 silly audit   yallist: [ '3.1.1' ],
665 silly audit   'loose-envify': [ '1.4.0' ],
665 silly audit   scheduler: [ '0.23.2' ],
665 silly audit   '@remix-run/router': [ '1.23.3' ],
665 silly audit   'react-router': [ '6.30.4' ],
665 silly audit   escalade: [ '3.2.0' ],
665 silly audit   esbuild: [ '0.21.5' ],
665 silly audit   fsevents: [ '2.3.3' ],
665 silly audit   postcss: [ '8.5.25' ],
665 silly audit   rollup: [ '4.62.4' ],
665 silly audit   '@esbuild/aix-ppc64': [ '0.21.5' ],
665 silly audit   '@esbuild/android-arm': [ '0.21.5' ],
665 silly audit   '@esbuild/android-arm64': [ '0.21.5' ],
665 silly audit   '@esbuild/android-x64': [ '0.21.5' ],
665 silly audit   '@esbuild/darwin-arm64': [ '0.21.5' ],
665 silly audit   '@esbuild/darwin-x64': [ '0.21.5' ],
665 silly audit   '@esbuild/freebsd-arm64': [ '0.21.5' ],
665 silly audit   '@esbuild/freebsd-x64': [ '0.21.5' ],
665 silly audit   '@esbuild/linux-arm': [ '0.21.5' ],
665 silly audit   '@esbuild/linux-arm64': [ '0.21.5' ],
665 silly audit   '@esbuild/linux-ia32': [ '0.21.5' ],
665 silly audit   '@esbuild/linux-loong64': [ '0.21.5' ],
665 silly audit   '@esbuild/linux-mips64el': [ '0.21.5' ],
665 silly audit   '@esbuild/linux-ppc64': [ '0.21.5' ],
665 silly audit   '@esbuild/linux-riscv64': [ '0.21.5' ],
665 silly audit   '@esbuild/linux-s390x': [ '0.21.5' ],
665 silly audit   '@esbuild/linux-x64': [ '0.21.5' ],
665 silly audit   '@esbuild/netbsd-x64': [ '0.21.5' ],
665 silly audit   '@esbuild/openbsd-x64': [ '0.21.5' ],
665 silly audit   '@esbuild/sunos-x64': [ '0.21.5' ],
665 silly audit   '@esbuild/win32-arm64': [ '0.21.5' ],
665 silly audit   '@esbuild/win32-ia32': [ '0.21.5' ],
665 silly audit   '@esbuild/win32-x64': [ '0.21.5' ],
665 silly audit   nanoid: [ '3.3.17' ],
665 silly audit   'source-map-js': [ '1.2.1' ],
665 silly audit   '@napi-rs/lzma-linux-x64-gnu': [ '1.5.1' ],
665 silly audit   '@rollup/rollup-android-arm-eabi': [ '4.62.4' ],
665 silly audit   '@rollup/rollup-android-arm64': [ '4.62.4' ],
665 silly audit   '@rollup/rollup-darwin-arm64': [ '4.62.4' ],
665 silly audit   '@rollup/rollup-darwin-x64': [ '4.62.4' ],
665 silly audit   '@rollup/rollup-freebsd-arm64': [ '4.62.4' ],
665 silly audit   '@rollup/rollup-freebsd-x64': [ '4.62.4' ],
665 silly audit   '@rollup/rollup-linux-arm-gnueabihf': [ '4.62.4' ],
665 silly audit   '@rollup/rollup-linux-arm-musleabihf': [ '4.62.4' ],
665 silly audit   '@rollup/rollup-linux-arm64-gnu': [ '4.62.4' ],
665 silly audit   '@rollup/rollup-linux-arm64-musl': [ '4.62.4' ],
665 silly audit   '@rollup/rollup-linux-loong64-gnu': [ '4.62.4' ],
665 silly audit   '@rollup/rollup-linux-loong64-musl': [ '4.62.4' ],
665 silly audit   '@rollup/rollup-linux-ppc64-gnu': [ '4.62.4' ],
665 silly audit   '@rollup/rollup-linux-ppc64-musl': [ '4.62.4' ],
665 silly audit   '@rollup/rollup-linux-riscv64-gnu': [ '4.62.4' ],
665 silly audit   '@rollup/rollup-linux-riscv64-musl': [ '4.62.4' ],
665 silly audit   '@rollup/rollup-linux-s390x-gnu': [ '4.62.4' ],
665 silly audit   '@rollup/rollup-linux-x64-gnu': [ '4.62.4' ],
665 silly audit   '@rollup/rollup-linux-x64-musl': [ '4.62.4' ],
665 silly audit   '@rollup/rollup-openbsd-x64': [ '4.62.4' ],
665 silly audit   '@rollup/rollup-openharmony-arm64': [ '4.62.4' ],
665 silly audit   '@rollup/rollup-win32-arm64-msvc': [ '4.62.4' ],
665 silly audit   '@rollup/rollup-win32-ia32-msvc': [ '4.62.4' ],
665 silly audit   '@rollup/rollup-win32-x64-gnu': [ '4.62.4' ],
665 silly audit   '@rollup/rollup-win32-x64-msvc': [ '4.62.4' ],
665 silly audit   '@types/estree': [ '1.0.9' ]
665 silly audit }
666 http cache @types/estree@https://registry.yarnpkg.com/@types/estree/-/estree-1.0.9.tgz 0ms (cache hit)
667 http cache @rollup/rollup-linux-x64-gnu@https://registry.yarnpkg.com/@rollup/rollup-linux-x64-gnu/-/rollup-linux-x64-gnu-4.62.4.tgz 0ms (cache hit)
668 http cache nanoid@https://registry.yarnpkg.com/nanoid/-/nanoid-3.3.17.tgz 0ms (cache hit)
669 http cache @esbuild/linux-x64@https://registry.yarnpkg.com/@esbuild/linux-x64/-/linux-x64-0.21.5.tgz 0ms (cache hit)
670 http cache source-map-js@https://registry.yarnpkg.com/source-map-js/-/source-map-js-1.2.1.tgz 0ms (cache hit)
671 http cache esbuild@https://registry.yarnpkg.com/esbuild/-/esbuild-0.21.5.tgz 0ms (cache hit)
672 http cache postcss@https://registry.yarnpkg.com/postcss/-/postcss-8.5.25.tgz 0ms (cache hit)
673 http cache rollup@https://registry.yarnpkg.com/rollup/-/rollup-4.62.4.tgz 0ms (cache hit)
674 http cache escalade@https://registry.yarnpkg.com/escalade/-/escalade-3.2.0.tgz 0ms (cache hit)
675 http cache @remix-run/router@https://registry.yarnpkg.com/@remix-run/router/-/router-1.23.3.tgz 0ms (cache hit)
676 http cache loose-envify@https://registry.yarnpkg.com/loose-envify/-/loose-envify-1.4.0.tgz 0ms (cache hit)
677 http cache yallist@https://registry.yarnpkg.com/yallist/-/yallist-3.1.1.tgz 0ms (cache hit)
678 http cache react-router@https://registry.yarnpkg.com/react-router/-/react-router-6.30.4.tgz 1ms (cache hit)
679 http cache scheduler@https://registry.yarnpkg.com/scheduler/-/scheduler-0.23.2.tgz 0ms (cache hit)
680 http cache ms@https://registry.yarnpkg.com/ms/-/ms-2.1.3.tgz 0ms (cache hit)
681 http cache update-browserslist-db@https://registry.yarnpkg.com/update-browserslist-db/-/update-browserslist-db-1.2.3.tgz 0ms (cache hit)
682 http cache caniuse-lite@https://registry.yarnpkg.com/caniuse-lite/-/caniuse-lite-1.0.30001806.tgz 0ms (cache hit)
683 http cache electron-to-chromium@https://registry.yarnpkg.com/electron-to-chromium/-/electron-to-chromium-1.5.402.tgz 0ms (cache hit)
684 http cache node-releases@https://registry.yarnpkg.com/node-releases/-/node-releases-2.0.53.tgz 0ms (cache hit)
685 http cache baseline-browser-mapping@https://registry.yarnpkg.com/baseline-browser-mapping/-/baseline-browser-mapping-2.11.12.tgz 0ms (cache hit)
686 http cache @types/babel__traverse@https://registry.yarnpkg.com/@types/babel__traverse/-/babel__traverse-7.28.0.tgz 0ms (cache hit)
687 http cache @types/babel__template@https://registry.yarnpkg.com/@types/babel__template/-/babel__template-7.4.4.tgz 0ms (cache hit)
688 http cache @jridgewell/resolve-uri@https://registry.yarnpkg.com/@jridgewell/resolve-uri/-/resolve-uri-3.1.2.tgz 0ms (cache hit)
689 http cache @jridgewell/sourcemap-codec@https://registry.yarnpkg.com/@jridgewell/sourcemap-codec/-/sourcemap-codec-1.5.5.tgz 0ms (cache hit)
690 http cache @types/babel__generator@https://registry.yarnpkg.com/@types/babel__generator/-/babel__generator-7.27.0.tgz 0ms (cache hit)
691 http cache @babel/helper-globals@https://registry.yarnpkg.com/@babel/helper-globals/-/helper-globals-7.29.7.tgz 0ms (cache hit)
692 http cache @babel/helper-plugin-utils@https://registry.yarnpkg.com/@babel/helper-plugin-utils/-/helper-plugin-utils-7.29.7.tgz 0ms (cache hit)
693 http cache @babel/helper-string-parser@https://registry.yarnpkg.com/@babel/helper-string-parser/-/helper-string-parser-7.29.7.tgz 0ms (cache hit)
694 http cache lru-cache@https://registry.yarnpkg.com/lru-cache/-/lru-cache-5.1.1.tgz 0ms (cache hit)
695 http cache @babel/helper-module-imports@https://registry.yarnpkg.com/@babel/helper-module-imports/-/helper-module-imports-7.29.7.tgz 0ms (cache hit)
696 http cache browserslist@https://registry.yarnpkg.com/browserslist/-/browserslist-4.28.7.tgz 0ms (cache hit)
697 http cache @babel/compat-data@https://registry.yarnpkg.com/@babel/compat-data/-/compat-data-7.29.7.tgz 0ms (cache hit)
698 http cache @babel/helper-validator-option@https://registry.yarnpkg.com/@babel/helper-validator-option/-/helper-validator-option-7.29.7.tgz 0ms (cache hit)
699 http cache @jridgewell/trace-mapping@https://registry.yarnpkg.com/@jridgewell/trace-mapping/-/trace-mapping-0.3.31.tgz 0ms (cache hit)
700 http cache @jridgewell/gen-mapping@https://registry.yarnpkg.com/@jridgewell/gen-mapping/-/gen-mapping-0.3.13.tgz 0ms (cache hit)
701 http cache jsesc@https://registry.yarnpkg.com/jsesc/-/jsesc-3.1.0.tgz 0ms (cache hit)
702 http cache js-tokens@https://registry.yarnpkg.com/js-tokens/-/js-tokens-4.0.0.tgz 0ms (cache hit)
703 http cache picocolors@https://registry.yarnpkg.com/picocolors/-/picocolors-1.1.1.tgz 0ms (cache hit)
704 http cache @babel/helper-validator-identifier@https://registry.yarnpkg.com/@babel/helper-validator-identifier/-/helper-validator-identifier-7.29.7.tgz 0ms (cache hit)
705 http cache json5@https://registry.yarnpkg.com/json5/-/json5-2.2.3.tgz 0ms (cache hit)
706 http cache semver@https://registry.yarnpkg.com/semver/-/semver-6.3.1.tgz 0ms (cache hit)
707 http cache debug@https://registry.yarnpkg.com/debug/-/debug-4.4.3.tgz 0ms (cache hit)
708 http cache gensync@https://registry.yarnpkg.com/gensync/-/gensync-1.0.0-beta.2.tgz 0ms (cache hit)
709 http cache convert-source-map@https://registry.yarnpkg.com/convert-source-map/-/convert-source-map-2.0.0.tgz 0ms (cache hit)
710 http cache @babel/types@https://registry.yarnpkg.com/@babel/types/-/types-7.29.8.tgz 0ms (cache hit)
711 http cache @jridgewell/remapping@https://registry.yarnpkg.com/@jridgewell/remapping/-/remapping-2.3.5.tgz 0ms (cache hit)
712 http cache @babel/traverse@https://registry.yarnpkg.com/@babel/traverse/-/traverse-7.29.8.tgz 0ms (cache hit)
713 http cache @babel/template@https://registry.yarnpkg.com/@babel/template/-/template-7.29.7.tgz 0ms (cache hit)
714 http cache @babel/parser@https://registry.yarnpkg.com/@babel/parser/-/parser-7.29.8.tgz 0ms (cache hit)
715 http cache @babel/helpers@https://registry.yarnpkg.com/@babel/helpers/-/helpers-7.29.7.tgz 0ms (cache hit)
716 http cache @babel/helper-compilation-targets@https://registry.yarnpkg.com/@babel/helper-compilation-targets/-/helper-compilation-targets-7.29.7.tgz 0ms (cache hit)
717 http cache @babel/helper-module-transforms@https://registry.yarnpkg.com/@babel/helper-module-transforms/-/helper-module-transforms-7.29.7.tgz 0ms (cache hit)
718 http cache @babel/code-frame@https://registry.yarnpkg.com/@babel/code-frame/-/code-frame-7.29.7.tgz 0ms (cache hit)
719 http cache @babel/generator@https://registry.yarnpkg.com/@babel/generator/-/generator-7.29.8.tgz 0ms (cache hit)
720 http cache @types/babel__core@https://registry.yarnpkg.com/@types/babel__core/-/babel__core-7.20.5.tgz 0ms (cache hit)
721 http cache @rolldown/pluginutils@https://registry.yarnpkg.com/@rolldown/pluginutils/-/pluginutils-1.0.0-beta.27.tgz 0ms (cache hit)
722 http cache react-refresh@https://registry.yarnpkg.com/react-refresh/-/react-refresh-0.17.0.tgz 0ms (cache hit)
723 http cache @babel/plugin-transform-react-jsx-self@https://registry.yarnpkg.com/@babel/plugin-transform-react-jsx-self/-/plugin-transform-react-jsx-self-7.29.7.tgz 0ms (cache hit)
724 http cache @babel/plugin-transform-react-jsx-source@https://registry.yarnpkg.com/@babel/plugin-transform-react-jsx-source/-/plugin-transform-react-jsx-source-7.29.7.tgz 0ms (cache hit)
725 http cache @babel/core@https://registry.yarnpkg.com/@babel/core/-/core-7.29.7.tgz 0ms (cache hit)
726 http cache react-router-dom@https://registry.yarnpkg.com/react-router-dom/-/react-router-dom-6.30.4.tgz 0ms (cache hit)
727 http cache react@https://registry.yarnpkg.com/react/-/react-18.3.1.tgz 0ms (cache hit)
728 http cache react-dom@https://registry.yarnpkg.com/react-dom/-/react-dom-18.3.1.tgz 0ms (cache hit)
729 http cache @vitejs/plugin-react@https://registry.yarnpkg.com/@vitejs/plugin-react/-/plugin-react-4.7.0.tgz 0ms (cache hit)
730 http cache vite@https://registry.yarnpkg.com/vite/-/vite-5.4.21.tgz 0ms (cache hit)
731 silly tarball no local data for @types/estree@https://registry.yarnpkg.com/@types/estree/-/estree-1.0.9.tgz. Extracting by manifest.
732 silly tarball no local data for @rollup/rollup-linux-x64-gnu@https://registry.yarnpkg.com/@rollup/rollup-linux-x64-gnu/-/rollup-linux-x64-gnu-4.62.4.tgz. Extracting by manifest.
733 silly tarball no local data for nanoid@https://registry.yarnpkg.com/nanoid/-/nanoid-3.3.17.tgz. Extracting by manifest.
734 silly tarball no local data for @esbuild/linux-x64@https://registry.yarnpkg.com/@esbuild/linux-x64/-/linux-x64-0.21.5.tgz. Extracting by manifest.
735 silly tarball no local data for source-map-js@https://registry.yarnpkg.com/source-map-js/-/source-map-js-1.2.1.tgz. Extracting by manifest.
736 silly tarball no local data for esbuild@https://registry.yarnpkg.com/esbuild/-/esbuild-0.21.5.tgz. Extracting by manifest.
737 silly tarball no local data for postcss@https://registry.yarnpkg.com/postcss/-/postcss-8.5.25.tgz. Extracting by manifest.
738 silly tarball no local data for rollup@https://registry.yarnpkg.com/rollup/-/rollup-4.62.4.tgz. Extracting by manifest.
739 silly tarball no local data for escalade@https://registry.yarnpkg.com/escalade/-/escalade-3.2.0.tgz. Extracting by manifest.
740 silly tarball no local data for @remix-run/router@https://registry.yarnpkg.com/@remix-run/router/-/router-1.23.3.tgz. Extracting by manifest.
741 silly tarball no local data for loose-envify@https://registry.yarnpkg.com/loose-envify/-/loose-envify-1.4.0.tgz. Extracting by manifest.
742 silly tarball no local data for yallist@https://registry.yarnpkg.com/yallist/-/yallist-3.1.1.tgz. Extracting by manifest.
743 silly tarball no local data for react-router@https://registry.yarnpkg.com/react-router/-/react-router-6.30.4.tgz. Extracting by manifest.
744 silly tarball no local data for scheduler@https://registry.yarnpkg.com/scheduler/-/scheduler-0.23.2.tgz. Extracting by manifest.
745 silly tarball no local data for ms@https://registry.yarnpkg.com/ms/-/ms-2.1.3.tgz. Extracting by manifest.
746 silly tarball no local data for update-browserslist-db@https://registry.yarnpkg.com/update-browserslist-db/-/update-browserslist-db-1.2.3.tgz. Extracting by manifest.
747 silly tarball no local data for caniuse-lite@https://registry.yarnpkg.com/caniuse-lite/-/caniuse-lite-1.0.30001806.tgz. Extracting by manifest.
748 silly tarball no local data for electron-to-chromium@https://registry.yarnpkg.com/electron-to-chromium/-/electron-to-chromium-1.5.402.tgz. Extracting by manifest.
749 silly tarball no local data for node-releases@https://registry.yarnpkg.com/node-releases/-/node-releases-2.0.53.tgz. Extracting by manifest.
750 silly tarball no local data for baseline-browser-mapping@https://registry.yarnpkg.com/baseline-browser-mapping/-/baseline-browser-mapping-2.11.12.tgz. Extracting by manifest.
751 silly tarball no local data for @types/babel__traverse@https://registry.yarnpkg.com/@types/babel__traverse/-/babel__traverse-7.28.0.tgz. Extracting by manifest.
752 silly tarball no local data for @types/babel__template@https://registry.yarnpkg.com/@types/babel__template/-/babel__template-7.4.4.tgz. Extracting by manifest.
753 silly tarball no local data for @jridgewell/resolve-uri@https://registry.yarnpkg.com/@jridgewell/resolve-uri/-/resolve-uri-3.1.2.tgz. Extracting by manifest.
754 silly tarball no local data for @jridgewell/sourcemap-codec@https://registry.yarnpkg.com/@jridgewell/sourcemap-codec/-/sourcemap-codec-1.5.5.tgz. Extracting by manifest.
755 silly tarball no local data for @types/babel__generator@https://registry.yarnpkg.com/@types/babel__generator/-/babel__generator-7.27.0.tgz. Extracting by manifest.
756 silly tarball no local data for @babel/helper-globals@https://registry.yarnpkg.com/@babel/helper-globals/-/helper-globals-7.29.7.tgz. Extracting by manifest.
757 silly tarball no local data for @babel/helper-plugin-utils@https://registry.yarnpkg.com/@babel/helper-plugin-utils/-/helper-plugin-utils-7.29.7.tgz. Extracting by manifest.
758 silly tarball no local data for @babel/helper-string-parser@https://registry.yarnpkg.com/@babel/helper-string-parser/-/helper-string-parser-7.29.7.tgz. Extracting by manifest.
759 silly tarball no local data for lru-cache@https://registry.yarnpkg.com/lru-cache/-/lru-cache-5.1.1.tgz. Extracting by manifest.
760 silly tarball no local data for @babel/helper-module-imports@https://registry.yarnpkg.com/@babel/helper-module-imports/-/helper-module-imports-7.29.7.tgz. Extracting by manifest.
761 silly tarball no local data for browserslist@https://registry.yarnpkg.com/browserslist/-/browserslist-4.28.7.tgz. Extracting by manifest.
762 silly tarball no local data for @babel/compat-data@https://registry.yarnpkg.com/@babel/compat-data/-/compat-data-7.29.7.tgz. Extracting by manifest.
763 silly tarball no local data for @babel/helper-validator-option@https://registry.yarnpkg.com/@babel/helper-validator-option/-/helper-validator-option-7.29.7.tgz. Extracting by manifest.
764 silly tarball no local data for @jridgewell/trace-mapping@https://registry.yarnpkg.com/@jridgewell/trace-mapping/-/trace-mapping-0.3.31.tgz. Extracting by manifest.
765 silly tarball no local data for @jridgewell/gen-mapping@https://registry.yarnpkg.com/@jridgewell/gen-mapping/-/gen-mapping-0.3.13.tgz. Extracting by manifest.
766 silly tarball no local data for jsesc@https://registry.yarnpkg.com/jsesc/-/jsesc-3.1.0.tgz. Extracting by manifest.
767 silly tarball no local data for js-tokens@https://registry.yarnpkg.com/js-tokens/-/js-tokens-4.0.0.tgz. Extracting by manifest.
768 silly tarball no local data for picocolors@https://registry.yarnpkg.com/picocolors/-/picocolors-1.1.1.tgz. Extracting by manifest.
769 silly tarball no local data for @babel/helper-validator-identifier@https://registry.yarnpkg.com/@babel/helper-validator-identifier/-/helper-validator-identifier-7.29.7.tgz. Extracting by manifest.
770 silly tarball no local data for json5@https://registry.yarnpkg.com/json5/-/json5-2.2.3.tgz. Extracting by manifest.
771 silly tarball no local data for semver@https://registry.yarnpkg.com/semver/-/semver-6.3.1.tgz. Extracting by manifest.
772 silly tarball no local data for debug@https://registry.yarnpkg.com/debug/-/debug-4.4.3.tgz. Extracting by manifest.
773 silly tarball no local data for gensync@https://registry.yarnpkg.com/gensync/-/gensync-1.0.0-beta.2.tgz. Extracting by manifest.
774 silly tarball no local data for convert-source-map@https://registry.yarnpkg.com/convert-source-map/-/convert-source-map-2.0.0.tgz. Extracting by manifest.
775 silly tarball no local data for @babel/types@https://registry.yarnpkg.com/@babel/types/-/types-7.29.8.tgz. Extracting by manifest.
776 silly tarball no local data for @jridgewell/remapping@https://registry.yarnpkg.com/@jridgewell/remapping/-/remapping-2.3.5.tgz. Extracting by manifest.
777 silly tarball no local data for @babel/traverse@https://registry.yarnpkg.com/@babel/traverse/-/traverse-7.29.8.tgz. Extracting by manifest.
778 silly tarball no local data for @babel/template@https://registry.yarnpkg.com/@babel/template/-/template-7.29.7.tgz. Extracting by manifest.
779 silly tarball no local data for @babel/parser@https://registry.yarnpkg.com/@babel/parser/-/parser-7.29.8.tgz. Extracting by manifest.
780 silly tarball no local data for @babel/helpers@https://registry.yarnpkg.com/@babel/helpers/-/helpers-7.29.7.tgz. Extracting by manifest.
781 silly tarball no local data for @babel/helper-compilation-targets@https://registry.yarnpkg.com/@babel/helper-compilation-targets/-/helper-compilation-targets-7.29.7.tgz. Extracting by manifest.
782 silly tarball no local data for @babel/helper-module-transforms@https://registry.yarnpkg.com/@babel/helper-module-transforms/-/helper-module-transforms-7.29.7.tgz. Extracting by manifest.
783 silly tarball no local data for @babel/code-frame@https://registry.yarnpkg.com/@babel/code-frame/-/code-frame-7.29.7.tgz. Extracting by manifest.
784 silly tarball no local data for @babel/generator@https://registry.yarnpkg.com/@babel/generator/-/generator-7.29.8.tgz. Extracting by manifest.
785 silly tarball no local data for @types/babel__core@https://registry.yarnpkg.com/@types/babel__core/-/babel__core-7.20.5.tgz. Extracting by manifest.
786 silly tarball no local data for @rolldown/pluginutils@https://registry.yarnpkg.com/@rolldown/pluginutils/-/pluginutils-1.0.0-beta.27.tgz. Extracting by manifest.
787 silly tarball no local data for react-refresh@https://registry.yarnpkg.com/react-refresh/-/react-refresh-0.17.0.tgz. Extracting by manifest.
788 silly tarball no local data for @babel/plugin-transform-react-jsx-self@https://registry.yarnpkg.com/@babel/plugin-transform-react-jsx-self/-/plugin-transform-react-jsx-self-7.29.7.tgz. Extracting by manifest.
789 silly tarball no local data for @babel/plugin-transform-react-jsx-source@https://registry.yarnpkg.com/@babel/plugin-transform-react-jsx-source/-/plugin-transform-react-jsx-source-7.29.7.tgz. Extracting by manifest.
790 silly tarball no local data for @babel/core@https://registry.yarnpkg.com/@babel/core/-/core-7.29.7.tgz. Extracting by manifest.
791 silly tarball no local data for react-router-dom@https://registry.yarnpkg.com/react-router-dom/-/react-router-dom-6.30.4.tgz. Extracting by manifest.
792 silly tarball no local data for react@https://registry.yarnpkg.com/react/-/react-18.3.1.tgz. Extracting by manifest.
793 silly tarball no local data for react-dom@https://registry.yarnpkg.com/react-dom/-/react-dom-18.3.1.tgz. Extracting by manifest.
794 silly tarball no local data for @vitejs/plugin-react@https://registry.yarnpkg.com/@vitejs/plugin-react/-/plugin-react-4.7.0.tgz. Extracting by manifest.
795 silly tarball no local data for vite@https://registry.yarnpkg.com/vite/-/vite-5.4.21.tgz. Extracting by manifest.
796 http fetch POST 200 https://registry.yarnpkg.com/-/npm/v1/security/advisories/bulk 255ms
797 silly audit report {
797 silly audit report   vite: [
797 silly audit report     {
797 silly audit report       id: 1120784,
797 silly audit report       url: 'https://github.com/advisories/GHSA-v6wh-96g9-6wx3',
797 silly audit report       title: 'launch-editor: NTLMv2 hash disclosure via UNC path handling on Windows',
797 silly audit report       severity: 'moderate',
797 silly audit report       vulnerable_versions: '<=6.4.2',
797 silly audit report       cwe: [Array],
797 silly audit report       cvss: [Object]
797 silly audit report     },
797 silly audit report     {
797 silly audit report       id: 1116229,
797 silly audit report       url: 'https://github.com/advisories/GHSA-4w7w-66w2-5vf9',
797 silly audit report       title: 'Vite Vulnerable to Path Traversal in Optimized Deps `.map` Handling',
797 silly audit report       severity: 'moderate',
797 silly audit report       vulnerable_versions: '<=6.4.1',
797 silly audit report       cwe: [Array],
797 silly audit report       cvss: [Object]
797 silly audit report     },
797 silly audit report     {
797 silly audit report       id: 1123525,
797 silly audit report       url: 'https://github.com/advisories/GHSA-fx2h-pf6j-xcff',
797 silly audit report       title: 'vite: `server.fs.deny` bypass on Windows alternate paths',
797 silly audit report       severity: 'high',
797 silly audit report       vulnerable_versions: '<=6.4.2',
797 silly audit report       cwe: [Array],
797 silly audit report       cvss: [Object]
797 silly audit report     }
797 silly audit report   ],
797 silly audit report   'react-router-dom': [
797 silly audit report     {
797 silly audit report       id: 1124270,
797 silly audit report       url: 'https://github.com/advisories/GHSA-jjmj-jmhj-qwj2',
797 silly audit report       title: 'React Router: Open redirect leading to XSS',
797 silly audit report       severity: 'moderate',
797 silly audit report       vulnerable_versions: '>=6.30.2 <=6.30.4',
797 silly audit report       cwe: [Array],
797 silly audit report       cvss: [Object]
797 silly audit report     }
797 silly audit report   ],
797 silly audit report   'react-router': [
797 silly audit report     {
797 silly audit report       id: 1124268,
797 silly audit report       url: 'https://github.com/advisories/GHSA-wrjc-x8rr-h8h6',
797 silly audit report       title: 'React Router: Open redirect via backslash in <Link> and useNavigate (CVE-2025-68470 bypass)',
797 silly audit report       severity: 'moderate',
797 silly audit report       vulnerable_versions: '>=6.0.0 <7.18.0',
797 silly audit report       cwe: [Array],
797 silly audit report       cvss: [Object]
797 silly audit report     },
797 silly audit report     {
797 silly audit report       id: 1124272,
797 silly audit report       url: 'https://github.com/advisories/GHSA-337j-9hxr-rhxg',
797 silly audit report       title: 'React Router: Arbitrary Constructor Injection via deserializeErrors() in React Router SSR Hydration',
797 silly audit report       severity: 'moderate',
797 silly audit report       vulnerable_versions: '>=6.4.0 <7.18.0',
797 silly audit report       cwe: [Array],
797 silly audit report       cvss: [Object]
797 silly audit report     }
797 silly audit report   ],
797 silly audit report   esbuild: [
797 silly audit report     {
797 silly audit report       id: 1102341,
797 silly audit report       url: 'https://github.com/advisories/GHSA-67mh-4wv8-2f99',
797 silly audit report       title: 'esbuild enables any website to send any requests to the development server and read the response',
797 silly audit report       severity: 'moderate',
797 silly audit report       vulnerable_versions: '<=0.24.2',
797 silly audit report       cwe: [Array],
797 silly audit report       cvss: [Object]
797 silly audit report     }
797 silly audit report   ]
797 silly audit report }
798 silly packumentCache corgi:https://registry.yarnpkg.com/vite cache-miss
799 silly packumentCache corgi:https://registry.yarnpkg.com/react-router-dom cache-miss
800 silly packumentCache corgi:https://registry.yarnpkg.com/react-router cache-miss
801 silly packumentCache corgi:https://registry.yarnpkg.com/esbuild cache-miss
802 http fetch GET 200 https://registry.yarnpkg.com/nanoid/-/nanoid-3.3.17.tgz 215ms (cache miss)
803 http fetch GET 200 https://registry.yarnpkg.com/@types/estree/-/estree-1.0.9.tgz 227ms (cache miss)
804 http fetch GET 200 https://registry.yarnpkg.com/esbuild/-/esbuild-0.21.5.tgz 250ms (cache miss)
805 http fetch GET 200 https://registry.yarnpkg.com/ms/-/ms-2.1.3.tgz 249ms (cache miss)
806 http fetch GET 200 https://registry.yarnpkg.com/update-browserslist-db/-/update-browserslist-db-1.2.3.tgz 265ms (cache miss)
807 http fetch GET 200 https://registry.yarnpkg.com/source-map-js/-/source-map-js-1.2.1.tgz 292ms (cache miss)
808 http fetch GET 200 https://registry.yarnpkg.com/node-releases/-/node-releases-2.0.53.tgz 278ms (cache miss)
809 http fetch GET 200 https://registry.yarnpkg.com/electron-to-chromium/-/electron-to-chromium-1.5.402.tgz 287ms (cache miss)
810 http fetch GET 200 https://registry.yarnpkg.com/baseline-browser-mapping/-/baseline-browser-mapping-2.11.12.tgz 339ms (cache miss)
811 http fetch GET 200 https://registry.yarnpkg.com/@types/babel__template/-/babel__template-7.4.4.tgz 370ms (cache miss)
812 http fetch GET 200 https://registry.yarnpkg.com/@types/babel__traverse/-/babel__traverse-7.28.0.tgz 371ms (cache miss)
813 http fetch GET 200 https://registry.yarnpkg.com/@rollup/rollup-linux-x64-gnu/-/rollup-linux-x64-gnu-4.62.4.tgz 401ms (cache miss)
814 http fetch GET 200 https://registry.yarnpkg.com/@babel/helper-globals/-/helper-globals-7.29.7.tgz 470ms (cache miss)
815 http fetch GET 200 https://registry.yarnpkg.com/@babel/helper-plugin-utils/-/helper-plugin-utils-7.29.7.tgz 485ms (cache miss)
816 http fetch GET 200 https://registry.yarnpkg.com/yallist/-/yallist-3.1.1.tgz 518ms (cache miss)
817 http fetch GET 200 https://registry.yarnpkg.com/@types/babel__generator/-/babel__generator-7.27.0.tgz 500ms (cache miss)
818 http fetch GET 200 https://registry.yarnpkg.com/loose-envify/-/loose-envify-1.4.0.tgz 536ms (cache miss)
819 http fetch GET 200 https://registry.yarnpkg.com/@babel/helper-string-parser/-/helper-string-parser-7.29.7.tgz 513ms (cache miss)
820 http fetch GET 200 https://registry.yarnpkg.com/escalade/-/escalade-3.2.0.tgz 557ms (cache miss)
821 http fetch GET 200 https://registry.yarnpkg.com/@jridgewell/resolve-uri/-/resolve-uri-3.1.2.tgz 538ms (cache miss)
822 http fetch GET 200 https://registry.yarnpkg.com/lru-cache/-/lru-cache-5.1.1.tgz 545ms (cache miss)
823 http fetch GET 200 https://registry.yarnpkg.com/jsesc/-/jsesc-3.1.0.tgz 547ms (cache miss)
824 http fetch GET 200 https://registry.yarnpkg.com/picocolors/-/picocolors-1.1.1.tgz 552ms (cache miss)
825 http fetch GET 200 https://registry.yarnpkg.com/@babel/helper-validator-option/-/helper-validator-option-7.29.7.tgz 568ms (cache miss)
826 http fetch GET 200 https://registry.yarnpkg.com/js-tokens/-/js-tokens-4.0.0.tgz 559ms (cache miss)
827 http fetch GET 200 https://registry.yarnpkg.com/@babel/helper-validator-identifier/-/helper-validator-identifier-7.29.7.tgz 569ms (cache miss)
828 http fetch GET 200 https://registry.yarnpkg.com/@babel/compat-data/-/compat-data-7.29.7.tgz 611ms (cache miss)
829 http fetch GET 200 https://registry.yarnpkg.com/@babel/helper-module-imports/-/helper-module-imports-7.29.7.tgz 614ms (cache miss)
830 http fetch GET 200 https://registry.yarnpkg.com/browserslist/-/browserslist-4.28.7.tgz 614ms (cache miss)
831 http fetch GET 200 https://registry.yarnpkg.com/semver/-/semver-6.3.1.tgz 608ms (cache miss)
832 http fetch GET 200 https://registry.yarnpkg.com/gensync/-/gensync-1.0.0-beta.2.tgz 606ms (cache miss)
833 http fetch GET 200 https://registry.yarnpkg.com/scheduler/-/scheduler-0.23.2.tgz 650ms (cache miss)
834 http fetch GET 200 https://registry.yarnpkg.com/convert-source-map/-/convert-source-map-2.0.0.tgz 613ms (cache miss)
835 http fetch GET 200 https://registry.yarnpkg.com/debug/-/debug-4.4.3.tgz 648ms (cache miss)
836 http fetch GET 200 https://registry.yarnpkg.com/@jridgewell/sourcemap-codec/-/sourcemap-codec-1.5.5.tgz 702ms (cache miss)
837 http fetch GET 200 https://registry.yarnpkg.com/json5/-/json5-2.2.3.tgz 728ms (cache miss)
838 http fetch GET 200 https://registry.yarnpkg.com/@jridgewell/gen-mapping/-/gen-mapping-0.3.13.tgz 770ms (cache miss)
839 http fetch GET 200 https://registry.yarnpkg.com/@babel/template/-/template-7.29.7.tgz 761ms (cache miss)
840 http fetch GET 200 https://registry.yarnpkg.com/@types/babel__core/-/babel__core-7.20.5.tgz 754ms (cache miss)
841 http fetch GET 200 https://registry.yarnpkg.com/@babel/helper-compilation-targets/-/helper-compilation-targets-7.29.7.tgz 766ms (cache miss)
842 http fetch GET 200 https://registry.yarnpkg.com/@jridgewell/remapping/-/remapping-2.3.5.tgz 773ms (cache miss)
843 http fetch GET 200 https://registry.yarnpkg.com/@babel/helper-module-transforms/-/helper-module-transforms-7.29.7.tgz 770ms (cache miss)
844 http fetch GET 200 https://registry.yarnpkg.com/react-router/-/react-router-6.30.4.tgz 845ms (cache miss)
845 http fetch GET 200 https://registry.yarnpkg.com/react-refresh/-/react-refresh-0.17.0.tgz 789ms (cache miss)
846 http fetch GET 200 https://registry.yarnpkg.com/@rolldown/pluginutils/-/pluginutils-1.0.0-beta.27.tgz 797ms (cache miss)
847 http fetch GET 200 https://registry.yarnpkg.com/@jridgewell/trace-mapping/-/trace-mapping-0.3.31.tgz 842ms (cache miss)
848 http fetch GET 200 https://registry.yarnpkg.com/@babel/plugin-transform-react-jsx-source/-/plugin-transform-react-jsx-source-7.29.7.tgz 825ms (cache miss)
849 http fetch GET 200 https://registry.yarnpkg.com/@babel/plugin-transform-react-jsx-self/-/plugin-transform-react-jsx-self-7.29.7.tgz 837ms (cache miss)
850 http fetch GET 200 https://registry.yarnpkg.com/postcss/-/postcss-8.5.25.tgz 923ms (cache miss)
851 http fetch GET 200 https://registry.yarnpkg.com/@babel/parser/-/parser-7.29.8.tgz 897ms (cache miss)
852 http fetch GET 200 https://registry.yarnpkg.com/react/-/react-18.3.1.tgz 905ms (cache miss)
853 http fetch GET 200 https://registry.yarnpkg.com/@vitejs/plugin-react/-/plugin-react-4.7.0.tgz 932ms (cache miss)
854 http fetch GET 200 https://registry.yarnpkg.com/react-router-dom/-/react-router-dom-6.30.4.tgz 960ms (cache miss)
855 http fetch GET 200 https://registry.yarnpkg.com/rollup/-/rollup-4.62.4.tgz 1071ms (cache miss)
856 http fetch GET 200 https://registry.yarnpkg.com/@babel/generator/-/generator-7.29.8.tgz 1016ms (cache miss)
857 http fetch GET 200 https://registry.yarnpkg.com/react-router-dom 907ms (cache miss)
858 silly packumentCache corgi:https://registry.yarnpkg.com/react-router-dom set size:undefined disposed:false
859 http fetch GET 200 https://registry.yarnpkg.com/@babel/traverse/-/traverse-7.29.8.tgz 1125ms (cache miss)
860 http fetch GET 200 https://registry.yarnpkg.com/@remix-run/router/-/router-1.23.3.tgz 1254ms (cache miss)
861 http fetch GET 200 https://registry.yarnpkg.com/esbuild 1088ms (cache miss)
862 silly packumentCache corgi:https://registry.yarnpkg.com/esbuild set size:undefined disposed:false
863 http fetch GET 200 https://registry.yarnpkg.com/@babel/code-frame/-/code-frame-7.29.7.tgz 1245ms (cache miss)
864 http fetch GET 200 https://registry.yarnpkg.com/@babel/core/-/core-7.29.7.tgz 1317ms (cache miss)
865 http fetch GET 200 https://registry.yarnpkg.com/vite 1252ms (cache miss)
866 silly packumentCache corgi:https://registry.yarnpkg.com/vite set size:undefined disposed:false
867 http fetch GET 200 https://registry.yarnpkg.com/@babel/types/-/types-7.29.8.tgz 1461ms (cache miss)
868 http fetch GET 200 https://registry.yarnpkg.com/react-router 1343ms (cache miss)
869 silly packumentCache corgi:https://registry.yarnpkg.com/react-router set size:undefined disposed:false
870 silly packumentCache corgi:https://registry.yarnpkg.com/@vitejs%2fplugin-react cache-miss
871 http fetch GET 200 https://registry.yarnpkg.com/react-dom/-/react-dom-18.3.1.tgz 1576ms (cache miss)
872 http fetch GET 200 https://registry.yarnpkg.com/@babel/helpers/-/helpers-7.29.7.tgz 1629ms (cache miss)
873 http fetch GET 200 https://registry.yarnpkg.com/vite/-/vite-5.4.21.tgz 1610ms (cache miss)
874 http fetch GET 200 https://registry.yarnpkg.com/@vitejs%2fplugin-react 86ms (cache miss)
875 silly packumentCache corgi:https://registry.yarnpkg.com/@vitejs%2fplugin-react set size:undefined disposed:false
876 http fetch GET 200 https://registry.yarnpkg.com/@esbuild/linux-x64/-/linux-x64-0.21.5.tgz 2780ms (cache miss)
877 http fetch GET 200 https://registry.yarnpkg.com/caniuse-lite/-/caniuse-lite-1.0.30001806.tgz 2860ms (cache miss)
878 info run esbuild@0.21.5 postinstall node_modules/esbuild node install.js
879 info run esbuild@0.21.5 postinstall { code: 0, signal: null }
880 verbose cwd /home/kali/Рабочий стол/projects/autosync/frontend
881 verbose os Linux 7.0.12+kali-amd64
882 verbose node v20.19.2
883 verbose npm  v11.18.0
884 notice
884 notice New minor version of npm available! 11.18.0 -> 11.19.0
884 notice Changelog: https://github.com/npm/cli/releases/tag/v11.19.0
884 notice To update run: npm install -g npm@11.19.0
884 notice  { force: true, [Symbol(proc-log.meta)]: true }
885 verbose exit 0
886 info ok
